 Project1

 Timestamp is 6787e808 (Wed Jan 15 18:53:28 2025)

 Preferred load address is 0000000140000000

 Start         Length     Name                   Class
 0001:00000000 00004f4fH .text                   CODE
 0001:00004f50 00000019H .text$_ZN4DeckD1Ev      CODE
 0001:00004f70 00000075H .text$_ZN3Vcl5Forms5TFormC3EPN6System7Classes10TComponentE CODE
 0001:00004ff0 00000030H .text$_ZN6System3SetINS_7Uitypes10TFontStyleELS2_0ELS2_3EEC1Ev CODE
 0001:00005020 00000078H .text$_ZN6System3SetINS_7Uitypes10TFontStyleELS2_0ELS2_3EElsES2_ CODE
 0001:000050a0 0000004cH .text$_ZN3Vcl5Forms5TFormD0Ev CODE
 0001:000050f0 00000019H .text$_ZNKSt3__112basic_stringIcNS_11char_traitsIcEENS_9allocatorIcEEE5c_strB6v15007Ev CODE
 0001:00005110 00000022H .text$_ZNSt3__16vectorI4CardNS_9allocatorIS1_EEEixB6v15007Ey CODE
 0001:00005140 00000023H .text$_ZN4CardC1ERKS_   CODE
 0001:00005170 00000019H .text$_ZN4CardD1Ev      CODE
 0001:00005190 00000019H .text$_ZNSt3__16vectorI4CardNS_9allocatorIS1_EEED1B6v15007Ev CODE
 0001:000051b0 0000005dH .text$_ZN6TForm1D0Ev    CODE
 0001:00005210 0000007fH .text$_ZN3Vcl5Forms5TFormC3EPN6System7Classes10TComponentEi CODE
 0001:00005290 00000091H .text$_ZN3Vcl5Forms5TFormC3EPN6System7Classes10TComponentEii CODE
 0001:00005330 0000003aH .text$_ZN4DeckD2Ev      CODE
 0001:00005370 0000006eH .text$_ZN4CardC2ERKS_   CODE
 0001:000053e0 0000002cH .text$_ZN4CardD2Ev      CODE
 0001:00005410 00000021H .text$_ZNKSt3__112basic_stringIcNS_11char_traitsIcEENS_9allocatorIcEEE4dataB6v15007Ev CODE
 0001:00005440 0000000bH .text$_ZNSt3__112__to_addressB6v15007IKcEEPT_S3_ CODE
 0001:00005450 00000052H .text$_ZNKSt3__112basic_stringIcNS_11char_traitsIcEENS_9allocatorIcEEE13__get_pointerB6v15007Ev CODE
 0001:000054b0 00000026H .text$_ZNKSt3__112basic_stringIcNS_11char_traitsIcEENS_9allocatorIcEEE9__is_longB6v15007Ev CODE
 0001:000054e0 0000001cH .text$_ZNKSt3__112basic_stringIcNS_11char_traitsIcEENS_9allocatorIcEEE18__get_long_pointerB6v15007Ev CODE
 0001:00005500 00000025H .text$_ZNKSt3__112basic_stringIcNS_11char_traitsIcEENS_9allocatorIcEEE19__get_short_pointerB6v15007Ev CODE
 0001:00005530 00000019H .text$_ZNKSt3__117__compressed_pairINS_12basic_stringIcNS_11char_traitsIcEENS_9allocatorIcEEE5__repES5_E5firstB6v15007Ev CODE
 0001:00005550 0000000bH .text$_ZNKSt3__122__compressed_pair_elemINS_12basic_stringIcNS_11char_traitsIcEENS_9allocatorIcEEE5__repELi0ELb0EE5__getB6v15007Ev CODE
 0001:00005560 0000000bH .text$_ZNSt3__114pointer_traitsIPKcE10pointer_toB6v15007ERS1_ CODE
 0001:00005570 0000003aH .text$_ZNSt3__16vectorI4CardNS_9allocatorIS1_EEED2B6v15007Ev CODE
 0001:000055b0 00000023H .text$_ZNSt3__16vectorI4CardNS_9allocatorIS1_EEE16__destroy_vectorC1ERS4_ CODE
 0001:000055e0 0000000eH .text$__clang_call_terminate CODE
 0001:000055f0 0000008cH .text$_ZNSt3__16vectorI4CardNS_9allocatorIS1_EEE16__destroy_vectorclB6v15007Ev CODE
 0001:00005680 0000001eH .text$_ZNSt3__16vectorI4CardNS_9allocatorIS1_EEE16__destroy_vectorC2ERS4_ CODE
 0001:000056a0 000000c3H .text$_ZNKSt3__16vectorI4CardNS_9allocatorIS1_EEE17__annotate_deleteB6v15007Ev CODE
 0001:00005770 00000007H .text$_ZNSt3__118__debug_db_erase_cB6v15007INS_6vectorI4CardNS_9allocatorIS2_EEEEEEvPT_ CODE
 0001:00005780 0000001cH .text$_ZNSt3__16vectorI4CardNS_9allocatorIS1_EEE7__clearB6v15007Ev CODE
 0001:000057a0 0000002dH .text$_ZNSt3__116allocator_traitsINS_9allocatorI4CardEEE10deallocateB6v15007ERS3_PS2_y CODE
 0001:000057d0 0000001dH .text$_ZNSt3__16vectorI4CardNS_9allocatorIS1_EEE7__allocB6v15007Ev CODE
 0001:000057f0 00000035H .text$_ZNKSt3__16vectorI4CardNS_9allocatorIS1_EEE8capacityB6v15007Ev CODE
 0001:00005830 00000021H .text$_ZNKSt3__16vectorI4CardNS_9allocatorIS1_EEE31__annotate_contiguous_containerB6v15007EPKvS6_S6_S6_ CODE
 0001:00005860 0000001cH .text$_ZNKSt3__16vectorI4CardNS_9allocatorIS1_EEE4dataB6v15007Ev CODE
 0001:00005880 0000001fH .text$_ZNKSt3__16vectorI4CardNS_9allocatorIS1_EEE4sizeB6v15007Ev CODE
 0001:000058a0 0000000bH .text$_ZNSt3__112__to_addressB6v15007I4CardEEPT_S3_ CODE
 0001:000058b0 00000086H .text$_ZNSt3__16vectorI4CardNS_9allocatorIS1_EEE22__base_destruct_at_endB6v15007EPS1_ CODE
 0001:00005940 00000023H .text$_ZNSt3__116allocator_traitsINS_9allocatorI4CardEEE7destroyB6v15007IS2_vEEvRS3_PT_ CODE
 0001:00005970 0000001eH .text$_ZNSt3__19allocatorI4CardE7destroyB6v15007EPS1_ CODE
 0001:00005990 00000043H .text$_ZNSt3__19allocatorI4CardE10deallocateB6v15007EPS1_y CODE
 0001:000059e0 00000062H .text$_ZNSt3__119__libcpp_deallocateB6v15007EPvyy CODE
 0001:00005a50 00000014H .text$_ZNSt3__124__is_overaligned_for_newB6v15007Ey CODE
 0001:00005a70 00000028H .text$_ZNSt3__127__do_deallocate_handle_sizeB6v15007IJSt11align_val_tEEEvPvyDpT_ CODE
 0001:00005aa0 0000001eH .text$_ZNSt3__127__do_deallocate_handle_sizeB6v15007IJEEEvPvyDpT_ CODE
 0001:00005ac0 00000023H .text$_ZNSt3__124__libcpp_operator_deleteB6v15007IJPvSt11align_val_tEEEvDpT_ CODE
 0001:00005af0 00000019H .text$_ZNSt3__124__libcpp_operator_deleteB6v15007IJPvEEEvDpT_ CODE
 0001:00005b10 00000019H .text$_ZNSt3__117__compressed_pairIP4CardNS_9allocatorIS1_EEE6secondB6v15007Ev CODE
 0001:00005b30 0000000bH .text$_ZNSt3__122__compressed_pair_elemINS_9allocatorI4CardEELi1ELb1EE5__getB6v15007Ev CODE
 0001:00005b40 0000001dH .text$_ZNKSt3__16vectorI4CardNS_9allocatorIS1_EEE9__end_capB6v15007Ev CODE
 0001:00005b60 00000019H .text$_ZNKSt3__117__compressed_pairIP4CardNS_9allocatorIS1_EEE5firstB6v15007Ev CODE
 0001:00005b80 0000000bH .text$_ZNKSt3__122__compressed_pair_elemIP4CardLi0ELb0EE5__getB6v15007Ev CODE
 0001:00005b90 00000021H .text$_ZN6System3SetINS_7Uitypes10TFontStyleELS2_0ELS2_3EEC2Ev CODE
 0001:00005bc0 00000134H .text                   CODE
 0001:00005d00 00000019H .text$_ZNSt3__112basic_stringIcNS_11char_traitsIcEENS_9allocatorIcEEEC1B6v15007Ev CODE
 0001:00005d20 00000053H .text$_ZNSt3__112basic_stringIcNS_11char_traitsIcEENS_9allocatorIcEEEC2B6v15007Ev CODE
 0001:00005d80 0000002dH .text$_ZNSt3__117__compressed_pairINS_12basic_stringIcNS_11char_traitsIcEENS_9allocatorIcEEE5__repES5_EC1B6v15007INS_18__default_init_tagESA_EEOT_OT0_ CODE
 0001:00005db0 00000007H .text$_ZNSt3__119__debug_db_insert_cB6v15007INS_12basic_stringIcNS_11char_traitsIcEENS_9allocatorIcEEEEEEvPT_ CODE
 0001:00005dc0 00000019H .text$_ZNSt3__112basic_stringIcNS_11char_traitsIcEENS_9allocatorIcEEE14__default_initB6v15007Ev CODE
 0001:00005de0 0000003aH .text$_ZNSt3__117__compressed_pairINS_12basic_stringIcNS_11char_traitsIcEENS_9allocatorIcEEE5__repES5_EC2B6v15007INS_18__default_init_tagESA_EEOT_OT0_ CODE
 0001:00005e20 00000011H .text$_ZNSt3__122__compressed_pair_elemINS_12basic_stringIcNS_11char_traitsIcEENS_9allocatorIcEEE5__repELi0ELb0EEC2B6v15007ENS_18__default_init_tagE CODE
 0001:00005e40 0000001dH .text$_ZNSt3__122__compressed_pair_elemINS_9allocatorIcEELi1ELb1EEC2B6v15007ENS_18__default_init_tagE CODE
 0001:00005e60 00000019H .text$_ZNSt3__19allocatorIcEC2B6v15007Ev CODE
 0001:00005e80 00000007H .text$_ZNSt3__116__non_trivial_ifILb1ENS_9allocatorIcEEEC2B6v15007Ev CODE
 0001:00005e90 0000004eH .text$_ZNSt3__112basic_stringIcNS_11char_traitsIcEENS_9allocatorIcEEE6__zeroB6v15007Ev CODE
 0001:00005ee0 00000019H .text$_ZNSt3__117__compressed_pairINS_12basic_stringIcNS_11char_traitsIcEENS_9allocatorIcEEE5__repES5_E5firstB6v15007Ev CODE
 0001:00005f00 0000000bH .text$_ZNSt3__122__compressed_pair_elemINS_12basic_stringIcNS_11char_traitsIcEENS_9allocatorIcEEE5__repELi0ELb0EE5__getB6v15007Ev CODE
 0001:00005f10 000020f1H .text                   CODE
 0001:00008010 00000019H .text$_ZNSt3__16vectorI4CardNS_9allocatorIS1_EEEC1B6v15007Ev CODE
 0001:00008030 00000023H .text$_ZNSt3__112basic_stringIcNS_11char_traitsIcEENS_9allocatorIcEEEC1B6v15007IDnEEPKc CODE
 0001:00008060 00000019H .text$_ZNSt3__16vectorINS_12basic_stringIcNS_11char_traitsIcEENS_9allocatorIcEEEENS4_IS6_EEEC1B6v15007ESt16initializer_listIS6_E CODE
 0001:00008080 0000001fH .text$_ZNKSt3__16vectorINS_12basic_stringIcNS_11char_traitsIcEENS_9allocatorIcEEEENS4_IS6_EEE4sizeB6v15007Ev CODE
 0001:000080a0 00000060H .text$_ZNSt3__16vectorI4CardNS_9allocatorIS1_EEE9push_backB6v15007EOS1_ CODE
 0001:00008100 00000022H .text$_ZNSt3__16vectorINS_12basic_stringIcNS_11char_traitsIcEENS_9allocatorIcEEEENS4_IS6_EEEixB6v15007Ey CODE
 0001:00008130 00000019H .text$_ZNSt3__16vectorINS_12basic_stringIcNS_11char_traitsIcEENS_9allocatorIcEEEENS4_IS6_EEED1B6v15007Ev CODE
 0001:00008150 00000046H .text$_ZNSt3__16vectorI4CardNS_9allocatorIS1_EEE5clearB6v15007Ev CODE
 0001:000081a0 0000004bH .text$_ZNSt3__14swapB6v15007I4CardEENS_9enable_ifIXaasr21is_move_constructibleIT_EE5valuesr18is_move_assignableIS3_EE5valueEvE4typeERS3_S6_ CODE
 0001:000081f0 00000060H .text$_ZNSt3__16vectorI4CardNS_9allocatorIS1_EEE9push_backB6v15007ERKS1_ CODE
 0001:00008250 00000021H .text$_ZNSt3__16vectorI4CardNS_9allocatorIS1_EEE8pop_backEv CODE
 0001:00008280 00000023H .text$_ZNSt3__16vectorI4CardNS_9allocatorIS1_EEEC1ERKS4_ CODE
 0001:000082b0 000000a2H .text$_ZNSt3__1eqB6v15007IcNS_11char_traitsIcEENS_9allocatorIcEEEEbRKNS_12basic_stringIT_T0_T1_EEPKS6_ CODE
 0001:00008360 0000005dH .text$_ZNSt3__112basic_stringIcNS_11char_traitsIcEENS_9allocatorIcEEEC2B6v15007IDnEEPKc CODE
 0001:000083c0 00000019H .text$_ZNSt3__111char_traitsIcE6lengthEPKc CODE
 0001:000083e0 00000060H .text$_ZNSt3__16vectorI4CardNS_9allocatorIS1_EEEC2B6v15007Ev CODE
 0001:00008440 0000002dH .text$_ZNSt3__117__compressed_pairIP4CardNS_9allocatorIS1_EEEC1B6v15007IDnNS_18__default_init_tagEEEOT_OT0_ CODE
 0001:00008470 00000007H .text$_ZNSt3__119__debug_db_insert_cB6v15007INS_6vectorI4CardNS_9allocatorIS2_EEEEEEvPT_ CODE
 0001:00008480 0000003bH .text$_ZNSt3__117__compressed_pairIP4CardNS_9allocatorIS1_EEEC2B6v15007IDnNS_18__default_init_tagEEEOT_OT0_ CODE
 0001:000084c0 0000001eH .text$_ZNSt3__122__compressed_pair_elemIP4CardLi0ELb0EEC2B6v15007IDnvEEOT_ CODE
 0001:000084e0 0000001dH .text$_ZNSt3__122__compressed_pair_elemINS_9allocatorI4CardEELi1ELb1EEC2B6v15007ENS_18__default_init_tagE CODE
 0001:00008500 00000019H .text$_ZNSt3__19allocatorI4CardEC2B6v15007Ev CODE
 0001:00008520 00000007H .text$_ZNSt3__116__non_trivial_ifILb1ENS_9allocatorI4CardEEEC2B6v15007Ev CODE
 0001:00008530 00000137H .text$_ZNSt3__16vectorINS_12basic_stringIcNS_11char_traitsIcEENS_9allocatorIcEEEENS4_IS6_EEEC2B6v15007ESt16initializer_listIS6_E CODE
 0001:00008670 0000002dH .text$_ZNSt3__117__compressed_pairIPNS_12basic_stringIcNS_11char_traitsIcEENS_9allocatorIcEEEENS4_IS6_EEEC1B6v15007IDnNS_18__default_init_tagEEEOT_OT0_ CODE
 0001:000086a0 00000034H .text$_ZNSt3__118__make_transactionB6v15007INS_6vectorINS_12basic_stringIcNS_11char_traitsIcEENS_9allocatorIcEEEENS5_IS7_EEE16__destroy_vectorEEENS_13__transactionIT_EESC_ CODE
 0001:000086e0 00000023H .text$_ZNSt3__16vectorINS_12basic_stringIcNS_11char_traitsIcEENS_9allocatorIcEEEENS4_IS6_EEE16__destroy_vectorC1ERS8_ CODE
 0001:00008710 00000007H .text$_ZNSt3__119__debug_db_insert_cB6v15007INS_6vectorINS_12basic_stringIcNS_11char_traitsIcEENS_9allocatorIcEEEENS5_IS7_EEEEEEvPT_ CODE
 0001:00008720 0000000fH .text$_ZNKSt16initializer_listINSt3__112basic_stringIcNS0_11char_traitsIcEENS0_9allocatorIcEEEEE4sizeB6v15007Ev CODE
 0001:00008730 000000a6H .text$_ZNSt3__16vectorINS_12basic_stringIcNS_11char_traitsIcEENS_9allocatorIcEEEENS4_IS6_EEE11__vallocateB6v15007Ey CODE
 0001:000087e0 00000099H .text$_ZNSt3__16vectorINS_12basic_stringIcNS_11char_traitsIcEENS_9allocatorIcEEEENS4_IS6_EEE18__construct_at_endIPKS6_EENS_9enable_ifIXsr27__is_cpp17_forward_iteratorIT_EE5valueEvE4typeESD_SD_y CODE
 0001:00008880 0000000eH .text$_ZNKSt16initializer_listINSt3__112basic_stringIcNS0_11char_traitsIcEENS0_9allocatorIcEEEEE5beginB6v15007Ev CODE
 0001:00008890 00000016H .text$_ZNKSt16initializer_listINSt3__112basic_stringIcNS0_11char_traitsIcEENS0_9allocatorIcEEEEE3endB6v15007Ev CODE
 0001:000088b0 0000000fH .text$_ZNSt3__113__transactionINS_6vectorINS_12basic_stringIcNS_11char_traitsIcEENS_9allocatorIcEEEENS5_IS7_EEE16__destroy_vectorEE10__completeB6v15007Ev CODE
 0001:000088c0 00000019H .text$_ZNSt3__113__transactionINS_6vectorINS_12basic_stringIcNS_11char_traitsIcEENS_9allocatorIcEEEENS5_IS7_EEE16__destroy_vectorEED1B6v15007Ev CODE
 0001:000088e0 0000003bH .text$_ZNSt3__117__compressed_pairIPNS_12basic_stringIcNS_11char_traitsIcEENS_9allocatorIcEEEENS4_IS6_EEEC2B6v15007IDnNS_18__default_init_tagEEEOT_OT0_ CODE
 0001:00008920 0000001eH .text$_ZNSt3__122__compressed_pair_elemIPNS_12basic_stringIcNS_11char_traitsIcEENS_9allocatorIcEEEELi0ELb0EEC2B6v15007IDnvEEOT_ CODE
 0001:00008940 0000001dH .text$_ZNSt3__122__compressed_pair_elemINS_9allocatorINS_12basic_stringIcNS_11char_traitsIcEENS1_IcEEEEEELi1ELb1EEC2B6v15007ENS_18__default_init_tagE CODE
 0001:00008960 00000019H .text$_ZNSt3__19allocatorINS_12basic_stringIcNS_11char_traitsIcEENS0_IcEEEEEC2B6v15007Ev CODE
 0001:00008980 00000007H .text$_ZNSt3__116__non_trivial_ifILb1ENS_9allocatorINS_12basic_stringIcNS_11char_traitsIcEENS1_IcEEEEEEEC2B6v15007Ev CODE
 0001:00008990 00000023H .text$_ZNSt3__113__transactionINS_6vectorINS_12basic_stringIcNS_11char_traitsIcEENS_9allocatorIcEEEENS5_IS7_EEE16__destroy_vectorEEC1B6v15007ESA_ CODE
 0001:000089c0 00000022H .text$_ZNSt3__113__transactionINS_6vectorINS_12basic_stringIcNS_11char_traitsIcEENS_9allocatorIcEEEENS5_IS7_EEE16__destroy_vectorEEC2B6v15007ESA_ CODE
 0001:000089f0 0000001eH .text$_ZNSt3__16vectorINS_12basic_stringIcNS_11char_traitsIcEENS_9allocatorIcEEEENS4_IS6_EEE16__destroy_vectorC2ERS8_ CODE
 0001:00008a10 00000059H .text$_ZNKSt3__16vectorINS_12basic_stringIcNS_11char_traitsIcEENS_9allocatorIcEEEENS4_IS6_EEE8max_sizeEv CODE
 0001:00008a70 00000016H .text$_ZNKSt3__16vectorINS_12basic_stringIcNS_11char_traitsIcEENS_9allocatorIcEEEENS4_IS6_EEE20__throw_length_errorB6v15007Ev CODE
 0001:00008a90 0000004dH .text$_ZNSt3__119__allocate_at_leastB6v15007INS_9allocatorINS_12basic_stringIcNS_11char_traitsIcEENS1_IcEEEEEEEENS_19__allocation_resultINS_16allocator_traitsIT_E7pointerEEERSA_y CODE
 0001:00008ae0 0000001dH .text$_ZNSt3__16vectorINS_12basic_stringIcNS_11char_traitsIcEENS_9allocatorIcEEEENS4_IS6_EEE7__allocB6v15007Ev CODE
 0001:00008b00 0000001dH .text$_ZNSt3__16vectorINS_12basic_stringIcNS_11char_traitsIcEENS_9allocatorIcEEEENS4_IS6_EEE9__end_capB6v15007Ev CODE
 0001:00008b20 000000b3H .text$_ZNKSt3__16vectorINS_12basic_stringIcNS_11char_traitsIcEENS_9allocatorIcEEEENS4_IS6_EEE14__annotate_newB6v15007Ey CODE
 0001:00008be0 00000028H .text$_ZNSt3__13minB6v15007IyEERKT_S3_S3_ CODE
 0001:00008c10 00000019H .text$_ZNSt3__116allocator_traitsINS_9allocatorINS_12basic_stringIcNS_11char_traitsIcEENS1_IcEEEEEEE8max_sizeB6v15007IS7_vEEyRKS7_ CODE
 0001:00008c30 0000001dH .text$_ZNKSt3__16vectorINS_12basic_stringIcNS_11char_traitsIcEENS_9allocatorIcEEEENS4_IS6_EEE7__allocB6v15007Ev CODE
 0001:00008c50 0000000fH .text$_ZNSt3__114numeric_limitsIxE3maxB6v15007Ev CODE
 0001:00008c60 00000057H .text$_ZNSt3__13minB6v15007IyNS_6__lessIyyEEEERKT_S5_S5_T0_ CODE
 0001:00008cc0 0000002eH .text$_ZNKSt3__16__lessIyyEclB6v15007ERKyS3_ CODE
 0001:00008cf0 00000011H .text$_ZNKSt3__19allocatorINS_12basic_stringIcNS_11char_traitsIcEENS0_IcEEEEE8max_sizeB6v15007Ev CODE
 0001:00008d10 00000019H .text$_ZNKSt3__117__compressed_pairIPNS_12basic_stringIcNS_11char_traitsIcEENS_9allocatorIcEEEENS4_IS6_EEE6secondB6v15007Ev CODE
 0001:00008d30 0000000bH .text$_ZNKSt3__122__compressed_pair_elemINS_9allocatorINS_12basic_stringIcNS_11char_traitsIcEENS1_IcEEEEEELi1ELb1EE5__getB6v15007Ev CODE
 0001:00008d40 0000000bH .text$_ZNSt3__123__libcpp_numeric_limitsIxLb1EE3maxB6v15007Ev CODE
 0001:00008d50 00000070H .text$_ZNSt3__120__throw_length_errorB6v15007EPKc CODE
 0001:00008dc0 00000023H .text$_ZNSt12length_errorC1B6v15007EPKc CODE
 0001:00008df0 0000003aH .text$_ZNSt12length_errorC2B6v15007EPKc CODE
 0001:00008e30 0000004eH .text$_ZNSt3__19allocatorINS_12basic_stringIcNS_11char_traitsIcEENS0_IcEEEEE8allocateB6v15007Ey CODE
 0001:00008e80 00000034H .text$_ZSt28__throw_bad_array_new_lengthB6v15007v CODE
 0001:00008ec0 00000061H .text$_ZNSt3__117__libcpp_allocateB6v15007Eyy CODE
 0001:00008f30 00000023H .text$_ZNSt3__121__libcpp_operator_newB6v15007IJySt11align_val_tEEEPvDpT_ CODE
 0001:00008f60 00000019H .text$_ZNSt3__121__libcpp_operator_newB6v15007IJyEEEPvDpT_ CODE
 0001:00008f80 00000019H .text$_ZNSt3__117__compressed_pairIPNS_12basic_stringIcNS_11char_traitsIcEENS_9allocatorIcEEEENS4_IS6_EEE6secondB6v15007Ev CODE
 0001:00008fa0 0000000bH .text$_ZNSt3__122__compressed_pair_elemINS_9allocatorINS_12basic_stringIcNS_11char_traitsIcEENS1_IcEEEEEELi1ELb1EE5__getB6v15007Ev CODE
 0001:00008fb0 00000019H .text$_ZNSt3__117__compressed_pairIPNS_12basic_stringIcNS_11char_traitsIcEENS_9allocatorIcEEEENS4_IS6_EEE5firstB6v15007Ev CODE
 0001:00008fd0 0000000bH .text$_ZNSt3__122__compressed_pair_elemIPNS_12basic_stringIcNS_11char_traitsIcEENS_9allocatorIcEEEELi0ELb0EE5__getB6v15007Ev CODE
 0001:00008fe0 00000021H .text$_ZNKSt3__16vectorINS_12basic_stringIcNS_11char_traitsIcEENS_9allocatorIcEEEENS4_IS6_EEE31__annotate_contiguous_containerB6v15007EPKvSA_SA_SA_ CODE
 0001:00009010 0000001cH .text$_ZNKSt3__16vectorINS_12basic_stringIcNS_11char_traitsIcEENS_9allocatorIcEEEENS4_IS6_EEE4dataB6v15007Ev CODE
 0001:00009030 00000035H .text$_ZNKSt3__16vectorINS_12basic_stringIcNS_11char_traitsIcEENS_9allocatorIcEEEENS4_IS6_EEE8capacityB6v15007Ev CODE
 0001:00009070 0000000bH .text$_ZNSt3__112__to_addressB6v15007INS_12basic_stringIcNS_11char_traitsIcEENS_9allocatorIcEEEEEEPT_S8_ CODE
 0001:00009080 0000001dH .text$_ZNKSt3__16vectorINS_12basic_stringIcNS_11char_traitsIcEENS_9allocatorIcEEEENS4_IS6_EEE9__end_capB6v15007Ev CODE
 0001:000090a0 00000019H .text$_ZNKSt3__117__compressed_pairIPNS_12basic_stringIcNS_11char_traitsIcEENS_9allocatorIcEEEENS4_IS6_EEE5firstB6v15007Ev CODE
 0001:000090c0 0000000bH .text$_ZNKSt3__122__compressed_pair_elemIPNS_12basic_stringIcNS_11char_traitsIcEENS_9allocatorIcEEEELi0ELb0EE5__getB6v15007Ev CODE
 0001:000090d0 0000002dH .text$_ZNSt3__16vectorINS_12basic_stringIcNS_11char_traitsIcEENS_9allocatorIcEEEENS4_IS6_EEE21_ConstructTransactionC1ERS8_y CODE
 0001:00009100 0000010cH .text$_ZNSt3__130__uninitialized_allocator_copyB6v15007INS_9allocatorINS_12basic_stringIcNS_11char_traitsIcEENS1_IcEEEEEEPKS6_S9_PS6_EET2_RT_T0_T1_SB_ CODE
 0001:00009210 00000019H .text$_ZNSt3__16vectorINS_12basic_stringIcNS_11char_traitsIcEENS_9allocatorIcEEEENS4_IS6_EEE21_ConstructTransactionD1Ev CODE
 0001:00009230 00000046H .text$_ZNSt3__16vectorINS_12basic_stringIcNS_11char_traitsIcEENS_9allocatorIcEEEENS4_IS6_EEE21_ConstructTransactionC2ERS8_y CODE
 0001:00009280 0000002dH .text$_ZNSt3__116allocator_traitsINS_9allocatorINS_12basic_stringIcNS_11char_traitsIcEENS1_IcEEEEEEE9constructB6v15007IS6_JRKS6_EvEEvRS7_PT_DpOT0_ CODE
 0001:000092b0 00000037H .text$_ZNSt3__129_AllocatorDestroyRangeReverseINS_9allocatorINS_12basic_stringIcNS_11char_traitsIcEENS1_IcEEEEEEPS6_EC1B6v15007ERS7_RS8_SB_ CODE
 0001:000092f0 0000005cH .text$_ZNKSt3__129_AllocatorDestroyRangeReverseINS_9allocatorINS_12basic_stringIcNS_11char_traitsIcEENS1_IcEEEEEEPS6_EclB6v15007Ev CODE
 0001:00009350 00000028H .text$_ZNSt3__19allocatorINS_12basic_stringIcNS_11char_traitsIcEENS0_IcEEEEE9constructB6v15007IS5_JRKS5_EEEvPT_DpOT0_ CODE
 0001:00009380 0000003aH .text$_ZNSt3__129_AllocatorDestroyRangeReverseINS_9allocatorINS_12basic_stringIcNS_11char_traitsIcEENS1_IcEEEEEEPS6_EC2B6v15007ERS7_RS8_SB_ CODE
 0001:000093c0 00000064H .text$_ZNSt3__119__allocator_destroyB6v15007INS_9allocatorINS_12basic_stringIcNS_11char_traitsIcEENS1_IcEEEEEENS_16reverse_iteratorIPS6_EESA_EEvRT_T0_T1_ CODE
 0001:00009430 00000023H .text$_ZNSt3__116reverse_iteratorIPNS_12basic_stringIcNS_11char_traitsIcEENS_9allocatorIcEEEEEC1B6v15007ES7_ CODE
 0001:00009460 0000003fH .text$_ZNSt3__1neB6v15007IPNS_12basic_stringIcNS_11char_traitsIcEENS_9allocatorIcEEEES7_EEbRKNS_16reverse_iteratorIT_EERKNS8_IT0_EE CODE
 0001:000094a0 00000023H .text$_ZNSt3__116allocator_traitsINS_9allocatorINS_12basic_stringIcNS_11char_traitsIcEENS1_IcEEEEEEE7destroyB6v15007IS6_vEEvRS7_PT_ CODE
 0001:000094d0 00000019H .text$_ZNSt3__112__to_addressB6v15007INS_16reverse_iteratorIPNS_12basic_stringIcNS_11char_traitsIcEENS_9allocatorIcEEEEEEvEENS_5decayIDTclsr19__to_address_helperIT_EE6__callcl7declvalIRKSB_EEEEE4typeESD_ CODE
 0001:000094f0 00000017H .text$_ZNSt3__116reverse_iteratorIPNS_12basic_stringIcNS_11char_traitsIcEENS_9allocatorIcEEEEEppB6v15007Ev CODE
 0001:00009510 0000000fH .text$_ZNKSt3__116reverse_iteratorIPNS_12basic_stringIcNS_11char_traitsIcEENS_9allocatorIcEEEEE4baseB6v15007Ev CODE
 0001:00009520 0000001eH .text$_ZNSt3__19allocatorINS_12basic_stringIcNS_11char_traitsIcEENS0_IcEEEEE7destroyB6v15007EPS5_ CODE
 0001:00009540 00000036H .text$_ZNSt3__119__to_address_helperINS_16reverse_iteratorIPNS_12basic_stringIcNS_11char_traitsIcEENS_9allocatorIcEEEEEEvE6__callB6v15007ERKS9_ CODE
 0001:00009580 00000019H .text$_ZNKSt3__116reverse_iteratorIPNS_12basic_stringIcNS_11char_traitsIcEENS_9allocatorIcEEEEEptB6v15007Ev CODE
 0001:000095a0 00000027H .text$_ZNKSt3__116reverse_iteratorIPNS_12basic_stringIcNS_11char_traitsIcEENS_9allocatorIcEEEEEdeB6v15007Ev CODE
 0001:000095d0 00000026H .text$_ZNSt3__116reverse_iteratorIPNS_12basic_stringIcNS_11char_traitsIcEENS_9allocatorIcEEEEEC2B6v15007ES7_ CODE
 0001:00009600 00000016H .text$_ZNSt3__16vectorINS_12basic_stringIcNS_11char_traitsIcEENS_9allocatorIcEEEENS4_IS6_EEE21_ConstructTransactionD2Ev CODE
 0001:00009620 0000003fH .text$_ZNSt3__113__transactionINS_6vectorINS_12basic_stringIcNS_11char_traitsIcEENS_9allocatorIcEEEENS5_IS7_EEE16__destroy_vectorEED2B6v15007Ev CODE
 0001:00009660 0000008cH .text$_ZNSt3__16vectorINS_12basic_stringIcNS_11char_traitsIcEENS_9allocatorIcEEEENS4_IS6_EEE16__destroy_vectorclB6v15007Ev CODE
 0001:000096f0 000000c3H .text$_ZNKSt3__16vectorINS_12basic_stringIcNS_11char_traitsIcEENS_9allocatorIcEEEENS4_IS6_EEE17__annotate_deleteB6v15007Ev CODE
 0001:000097c0 00000007H .text$_ZNSt3__118__debug_db_erase_cB6v15007INS_6vectorINS_12basic_stringIcNS_11char_traitsIcEENS_9allocatorIcEEEENS5_IS7_EEEEEEvPT_ CODE
 0001:000097d0 0000001cH .text$_ZNSt3__16vectorINS_12basic_stringIcNS_11char_traitsIcEENS_9allocatorIcEEEENS4_IS6_EEE7__clearB6v15007Ev CODE
 0001:000097f0 0000002dH .text$_ZNSt3__116allocator_traitsINS_9allocatorINS_12basic_stringIcNS_11char_traitsIcEENS1_IcEEEEEEE10deallocateB6v15007ERS7_PS6_y CODE
 0001:00009820 00000086H .text$_ZNSt3__16vectorINS_12basic_stringIcNS_11char_traitsIcEENS_9allocatorIcEEEENS4_IS6_EEE22__base_destruct_at_endB6v15007EPS6_ CODE
 0001:000098b0 00000043H .text$_ZNSt3__19allocatorINS_12basic_stringIcNS_11char_traitsIcEENS0_IcEEEEE10deallocateB6v15007EPS5_y CODE
 0001:00009900 0000003aH .text$_ZNSt3__16vectorINS_12basic_stringIcNS_11char_traitsIcEENS_9allocatorIcEEEENS4_IS6_EEED2B6v15007Ev CODE
 0001:00009940 0000001dH .text$_ZNSt3__16vectorI4CardNS_9allocatorIS1_EEE9__end_capB6v15007Ev CODE
 0001:00009960 00000099H .text$_ZNSt3__16vectorI4CardNS_9allocatorIS1_EEE22__construct_one_at_endB6v15007IJS1_EEEvDpOT_ CODE
 0001:00009a00 000000eeH .text$_ZNSt3__16vectorI4CardNS_9allocatorIS1_EEE21__push_back_slow_pathIS1_EEvOT_ CODE
 0001:00009af0 00000019H .text$_ZNSt3__117__compressed_pairIP4CardNS_9allocatorIS1_EEE5firstB6v15007Ev CODE
 0001:00009b10 0000000bH .text$_ZNSt3__122__compressed_pair_elemIP4CardLi0ELb0EE5__getB6v15007Ev CODE
 0001:00009b20 0000002dH .text$_ZNSt3__16vectorI4CardNS_9allocatorIS1_EEE21_ConstructTransactionC1ERS4_y CODE
 0001:00009b50 0000002dH .text$_ZNSt3__116allocator_traitsINS_9allocatorI4CardEEE9constructB6v15007IS2_JS2_EvEEvRS3_PT_DpOT0_ CODE
 0001:00009b80 00000019H .text$_ZNSt3__16vectorI4CardNS_9allocatorIS1_EEE21_ConstructTransactionD1Ev CODE
 0001:00009ba0 00000046H .text$_ZNSt3__16vectorI4CardNS_9allocatorIS1_EEE21_ConstructTransactionC2ERS4_y CODE
 0001:00009bf0 00000028H .text$_ZNSt3__19allocatorI4CardE9constructB6v15007IS1_JS1_EEEvPT_DpOT0_ CODE
 0001:00009c20 00000023H .text$_ZN4CardC1EOS_    CODE
 0001:00009c50 0000003fH .text$_ZN4CardC2EOS_    CODE
 0001:00009c90 00000023H .text$_ZNSt3__112basic_stringIcNS_11char_traitsIcEENS_9allocatorIcEEEC1B6v15007EOS5_ CODE
 0001:00009cc0 00000082H .text$_ZNSt3__112basic_stringIcNS_11char_traitsIcEENS_9allocatorIcEEEC2B6v15007EOS5_ CODE
 0001:00009d50 00000012H .text$_ZNSt3__115__debug_db_swapB6v15007INS_12basic_stringIcNS_11char_traitsIcEENS_9allocatorIcEEEEEEvPT_S8_ CODE
 0001:00009d70 00000016H .text$_ZNSt3__16vectorI4CardNS_9allocatorIS1_EEE21_ConstructTransactionD2Ev CODE
 0001:00009d90 000000a0H .text$_ZNKSt3__16vectorI4CardNS_9allocatorIS1_EEE11__recommendB6v15007Ey CODE
 0001:00009e30 00000037H .text$_ZNSt3__114__split_bufferI4CardRNS_9allocatorIS1_EEEC1EyyS4_ CODE
 0001:00009e70 0000014cH .text$_ZNSt3__16vectorI4CardNS_9allocatorIS1_EEE26__swap_out_circular_bufferERNS_14__split_bufferIS1_RS3_EE CODE
 0001:00009fc0 00000019H .text$_ZNSt3__114__split_bufferI4CardRNS_9allocatorIS1_EEED1Ev CODE
 0001:00009fe0 00000059H .text$_ZNKSt3__16vectorI4CardNS_9allocatorIS1_EEE8max_sizeEv CODE
 0001:0000a040 00000016H .text$_ZNKSt3__16vectorI4CardNS_9allocatorIS1_EEE20__throw_length_errorB6v15007Ev CODE
 0001:0000a060 00000028H .text$_ZNSt3__13maxB6v15007IyEERKT_S3_S3_ CODE
 0001:0000a090 00000019H .text$_ZNSt3__116allocator_traitsINS_9allocatorI4CardEEE8max_sizeB6v15007IS3_vEEyRKS3_ CODE
 0001:0000a0b0 0000001dH .text$_ZNKSt3__16vectorI4CardNS_9allocatorIS1_EEE7__allocB6v15007Ev CODE
 0001:0000a0d0 00000011H .text$_ZNKSt3__19allocatorI4CardE8max_sizeB6v15007Ev CODE
 0001:0000a0f0 00000019H .text$_ZNKSt3__117__compressed_pairIP4CardNS_9allocatorIS1_EEE6secondB6v15007Ev CODE
 0001:0000a110 0000000bH .text$_ZNKSt3__122__compressed_pair_elemINS_9allocatorI4CardEELi1ELb1EE5__getB6v15007Ev CODE
 0001:0000a120 00000057H .text$_ZNSt3__13maxB6v15007IyNS_6__lessIyyEEEERKT_S5_S5_T0_ CODE
 0001:0000a180 000000caH .text$_ZNSt3__114__split_bufferI4CardRNS_9allocatorIS1_EEEC2EyyS4_ CODE
 0001:0000a250 0000002dH .text$_ZNSt3__117__compressed_pairIP4CardRNS_9allocatorIS1_EEEC1B6v15007IDnS5_EEOT_OT0_ CODE
 0001:0000a280 0000004dH .text$_ZNSt3__119__allocate_at_leastB6v15007INS_9allocatorI4CardEEEENS_19__allocation_resultINS_16allocator_traitsIT_E7pointerEEERS6_y CODE
 0001:0000a2d0 0000001dH .text$_ZNSt3__114__split_bufferI4CardRNS_9allocatorIS1_EEE7__allocB6v15007Ev CODE
 0001:0000a2f0 0000001dH .text$_ZNSt3__114__split_bufferI4CardRNS_9allocatorIS1_EEE9__end_capB6v15007Ev CODE
 0001:0000a310 00000040H .text$_ZNSt3__117__compressed_pairIP4CardRNS_9allocatorIS1_EEEC2B6v15007IDnS5_EEOT_OT0_ CODE
 0001:0000a350 0000001eH .text$_ZNSt3__122__compressed_pair_elemIRNS_9allocatorI4CardEELi1ELb0EEC2B6v15007IS4_vEEOT_ CODE
 0001:0000a370 0000004eH .text$_ZNSt3__19allocatorI4CardE8allocateB6v15007Ey CODE
 0001:0000a3c0 0000001dH .text$_ZNSt3__117__compressed_pairIP4CardRNS_9allocatorIS1_EEE6secondB6v15007Ev CODE
 0001:0000a3e0 0000000eH .text$_ZNSt3__122__compressed_pair_elemIRNS_9allocatorI4CardEELi1ELb0EE5__getB6v15007Ev CODE
 0001:0000a3f0 00000019H .text$_ZNSt3__117__compressed_pairIP4CardRNS_9allocatorIS1_EEE5firstB6v15007Ev CODE
 0001:0000a410 000001a8H .text$_ZNSt3__142__uninitialized_allocator_move_if_noexceptB6v15007INS_9allocatorI4CardEENS_16reverse_iteratorIPS2_EES6_S6_EET2_RT_T0_T1_S7_ CODE
 0001:0000a5c0 00000023H .text$_ZNSt3__116reverse_iteratorIP4CardEC1B6v15007ES2_ CODE
 0001:0000a5f0 0000000fH .text$_ZNKSt3__116reverse_iteratorIP4CardE4baseB6v15007Ev CODE
 0001:0000a600 0000003bH .text$_ZNSt3__14swapB6v15007IP4CardEENS_9enable_ifIXaasr21is_move_constructibleIT_EE5valuesr18is_move_assignableIS4_EE5valueEvE4typeERS4_S7_ CODE
 0001:0000a640 000000b3H .text$_ZNKSt3__16vectorI4CardNS_9allocatorIS1_EEE14__annotate_newB6v15007Ey CODE
 0001:0000a700 00000007H .text$_ZNSt3__125__debug_db_invalidate_allB6v15007INS_6vectorI4CardNS_9allocatorIS2_EEEEEEvPT_ CODE
 0001:0000a710 0000003fH .text$_ZNSt3__1neB6v15007IP4CardS2_EEbRKNS_16reverse_iteratorIT_EERKNS3_IT0_EE CODE
 0001:0000a750 00000019H .text$_ZNSt3__112__to_addressB6v15007INS_16reverse_iteratorIP4CardEEvEENS_5decayIDTclsr19__to_address_helperIT_EE6__callcl7declvalIRKS6_EEEEE4typeES8_ CODE
 0001:0000a770 00000027H .text$_ZNKSt3__116reverse_iteratorIP4CardEdeB6v15007Ev CODE
 0001:0000a7a0 00000017H .text$_ZNSt3__116reverse_iteratorIP4CardEppB6v15007Ev CODE
 0001:0000a7c0 00000037H .text$_ZNSt3__129_AllocatorDestroyRangeReverseINS_9allocatorI4CardEENS_16reverse_iteratorIPS2_EEEC1B6v15007ERS3_RS6_S9_ CODE
 0001:0000a800 0000008eH .text$_ZNKSt3__129_AllocatorDestroyRangeReverseINS_9allocatorI4CardEENS_16reverse_iteratorIPS2_EEEclB6v15007Ev CODE
 0001:0000a890 00000036H .text$_ZNSt3__119__to_address_helperINS_16reverse_iteratorIP4CardEEvE6__callB6v15007ERKS4_ CODE
 0001:0000a8d0 00000019H .text$_ZNKSt3__116reverse_iteratorIP4CardEptB6v15007Ev CODE
 0001:0000a8f0 0000003aH .text$_ZNSt3__129_AllocatorDestroyRangeReverseINS_9allocatorI4CardEENS_16reverse_iteratorIPS2_EEEC2B6v15007ERS3_RS6_S9_ CODE
 0001:0000a930 00000064H .text$_ZNSt3__119__allocator_destroyB6v15007INS_9allocatorI4CardEENS_16reverse_iteratorINS4_IPS2_EEEES7_EEvRT_T0_T1_ CODE
 0001:0000a9a0 00000019H .text$_ZNSt3__116reverse_iteratorINS0_IP4CardEEEC1B6v15007ES3_ CODE
 0001:0000a9c0 00000045H .text$_ZNSt3__1neB6v15007INS_16reverse_iteratorIP4CardEES4_EEbRKNS1_IT_EERKNS1_IT0_EE CODE
 0001:0000aa10 00000019H .text$_ZNSt3__112__to_addressB6v15007INS_16reverse_iteratorINS1_IP4CardEEEEvEENS_5decayIDTclsr19__to_address_helperIT_EE6__callcl7declvalIRKS7_EEEEE4typeES9_ CODE
 0001:0000aa30 00000026H .text$_ZNSt3__116reverse_iteratorINS0_IP4CardEEEppB6v15007Ev CODE
 0001:0000aa60 00000028H .text$_ZNKSt3__116reverse_iteratorINS0_IP4CardEEE4baseB6v15007Ev CODE
 0001:0000aa90 00000036H .text$_ZNSt3__119__to_address_helperINS_16reverse_iteratorINS1_IP4CardEEEEvE6__callB6v15007ERKS5_ CODE
 0001:0000aad0 00000019H .text$_ZNKSt3__116reverse_iteratorINS0_IP4CardEEEptB6v15007Ev CODE
 0001:0000aaf0 00000038H .text$_ZNKSt3__116reverse_iteratorINS0_IP4CardEEEdeB6v15007Ev CODE
 0001:0000ab30 00000017H .text$_ZNSt3__116reverse_iteratorIP4CardEmmB6v15007Ev CODE
 0001:0000ab50 00000029H .text$_ZNSt3__116reverse_iteratorINS0_IP4CardEEEC2B6v15007ES3_ CODE
 0001:0000ab80 00000026H .text$_ZNSt3__116reverse_iteratorIP4CardEC2B6v15007ES2_ CODE
 0001:0000abb0 00000075H .text$_ZNSt3__114__split_bufferI4CardRNS_9allocatorIS1_EEED2Ev CODE
 0001:0000ac30 0000001dH .text$_ZNSt3__114__split_bufferI4CardRNS_9allocatorIS1_EEE5clearB6v15007Ev CODE
 0001:0000ac50 00000035H .text$_ZNKSt3__114__split_bufferI4CardRNS_9allocatorIS1_EEE8capacityB6v15007Ev CODE
 0001:0000ac90 00000028H .text$_ZNSt3__114__split_bufferI4CardRNS_9allocatorIS1_EEE17__destruct_at_endB6v15007EPS1_ CODE
 0001:0000acc0 0000007eH .text$_ZNSt3__114__split_bufferI4CardRNS_9allocatorIS1_EEE17__destruct_at_endB6v15007EPS1_NS_17integral_constantIbLb0EEE CODE
 0001:0000ad40 0000001dH .text$_ZNKSt3__114__split_bufferI4CardRNS_9allocatorIS1_EEE9__end_capB6v15007Ev CODE
 0001:0000ad60 00000019H .text$_ZNKSt3__117__compressed_pairIP4CardRNS_9allocatorIS1_EEE5firstB6v15007Ev CODE
 0001:0000ad80 000000b3H .text$_ZNKSt3__16vectorI4CardNS_9allocatorIS1_EEE17__annotate_shrinkB6v15007Ey CODE
 0001:0000ae40 00000043H .text$_ZN4CardaSEOS_    CODE
 0001:0000ae90 00000031H .text$_ZNSt3__112basic_stringIcNS_11char_traitsIcEENS_9allocatorIcEEEaSB6v15007EOS5_ CODE
 0001:0000aed0 000000dcH .text$_ZNSt3__112basic_stringIcNS_11char_traitsIcEENS_9allocatorIcEEE13__move_assignB6v15007ERS5_NS_17integral_constantIbLb1EEE CODE
 0001:0000afb0 0000002dH .text$_ZNSt3__116allocator_traitsINS_9allocatorIcEEE10deallocateB6v15007ERS2_Pcy CODE
 0001:0000afe0 00000019H .text$_ZNSt3__112basic_stringIcNS_11char_traitsIcEENS_9allocatorIcEEE7__allocB6v15007Ev CODE
 0001:0000b000 0000001cH .text$_ZNSt3__112basic_stringIcNS_11char_traitsIcEENS_9allocatorIcEEE18__get_long_pointerB6v15007Ev CODE
 0001:0000b020 00000023H .text$_ZNKSt3__112basic_stringIcNS_11char_traitsIcEENS_9allocatorIcEEE14__get_long_capB6v15007Ev CODE
 0001:0000b050 00000028H .text$_ZNSt3__112basic_stringIcNS_11char_traitsIcEENS_9allocatorIcEEE19__move_assign_allocB6v15007ERS5_ CODE
 0001:0000b080 00000056H .text$_ZNSt3__112basic_stringIcNS_11char_traitsIcEENS_9allocatorIcEEE16__set_short_sizeB6v15007Ey CODE
 0001:0000b0e0 0000001fH .text$_ZNSt3__111char_traitsIcE6assignERcRKc CODE
 0001:0000b100 00000025H .text$_ZNSt3__112basic_stringIcNS_11char_traitsIcEENS_9allocatorIcEEE19__get_short_pointerB6v15007Ev CODE
 0001:0000b130 0000003bH .text$_ZNSt3__19allocatorIcE10deallocateB6v15007EPcy CODE
 0001:0000b170 00000019H .text$_ZNSt3__117__compressed_pairINS_12basic_stringIcNS_11char_traitsIcEENS_9allocatorIcEEE5__repES5_E6secondB6v15007Ev CODE
 0001:0000b190 0000000bH .text$_ZNSt3__122__compressed_pair_elemINS_9allocatorIcEELi1ELb1EE5__getB6v15007Ev CODE
 0001:0000b1a0 00000037H .text$_ZNSt3__112basic_stringIcNS_11char_traitsIcEENS_9allocatorIcEEE19__move_assign_allocB6v15007ERS5_NS_17integral_constantIbLb1EEE CODE
 0001:0000b1e0 0000000bH .text$_ZNSt3__114pointer_traitsIPcE10pointer_toB6v15007ERc CODE
 0001:0000b1f0 00000099H .text$_ZNSt3__16vectorI4CardNS_9allocatorIS1_EEE22__construct_one_at_endB6v15007IJRKS1_EEEvDpOT_ CODE
 0001:0000b290 000000eeH .text$_ZNSt3__16vectorI4CardNS_9allocatorIS1_EEE21__push_back_slow_pathIRKS1_EEvOT_ CODE
 0001:0000b380 0000002dH .text$_ZNSt3__116allocator_traitsINS_9allocatorI4CardEEE9constructB6v15007IS2_JRKS2_EvEEvRS3_PT_DpOT0_ CODE
 0001:0000b3b0 00000028H .text$_ZNSt3__19allocatorI4CardE9constructB6v15007IS1_JRKS1_EEEvPT_DpOT0_ CODE
 0001:0000b3e0 00000063H .text$_ZNSt3__16vectorI4CardNS_9allocatorIS1_EEE17__destruct_at_endB6v15007EPS1_ CODE
 0001:0000b450 00000012H .text$_ZNSt3__16vectorI4CardNS_9allocatorIS1_EEE27__invalidate_iterators_pastB6v15007EPS1_ CODE
 0001:0000b470 0000012dH .text$_ZNSt3__16vectorI4CardNS_9allocatorIS1_EEEC2ERKS4_ CODE
 0001:0000b5a0 00000011H .text$_ZNSt3__116allocator_traitsINS_9allocatorI4CardEEE37select_on_container_copy_constructionB6v15007IS3_vvEES3_RKS3_ CODE
 0001:0000b5c0 0000002dH .text$_ZNSt3__117__compressed_pairIP4CardNS_9allocatorIS1_EEEC1B6v15007IDnS4_EEOT_OT0_ CODE
 0001:0000b5f0 00000034H .text$_ZNSt3__118__make_transactionB6v15007INS_6vectorI4CardNS_9allocatorIS2_EEE16__destroy_vectorEEENS_13__transactionIT_EES8_ CODE
 0001:0000b630 000000a6H .text$_ZNSt3__16vectorI4CardNS_9allocatorIS1_EEE11__vallocateB6v15007Ey CODE
 0001:0000b6e0 00000099H .text$_ZNSt3__16vectorI4CardNS_9allocatorIS1_EEE18__construct_at_endIPS1_EENS_9enable_ifIXsr27__is_cpp17_forward_iteratorIT_EE5valueEvE4typeES8_S8_y CODE
 0001:0000b780 0000000fH .text$_ZNSt3__113__transactionINS_6vectorI4CardNS_9allocatorIS2_EEE16__destroy_vectorEE10__completeB6v15007Ev CODE
 0001:0000b790 00000019H .text$_ZNSt3__113__transactionINS_6vectorI4CardNS_9allocatorIS2_EEE16__destroy_vectorEED1B6v15007Ev CODE
 0001:0000b7b0 0000003cH .text$_ZNSt3__117__compressed_pairIP4CardNS_9allocatorIS1_EEEC2B6v15007IDnS4_EEOT_OT0_ CODE
 0001:0000b7f0 00000012H .text$_ZNSt3__122__compressed_pair_elemINS_9allocatorI4CardEELi1ELb1EEC2B6v15007IS3_vEEOT_ CODE
 0001:0000b810 00000023H .text$_ZNSt3__113__transactionINS_6vectorI4CardNS_9allocatorIS2_EEE16__destroy_vectorEEC1B6v15007ES6_ CODE
 0001:0000b840 00000022H .text$_ZNSt3__113__transactionINS_6vectorI4CardNS_9allocatorIS2_EEE16__destroy_vectorEEC2B6v15007ES6_ CODE
 0001:0000b870 0000010cH .text$_ZNSt3__130__uninitialized_allocator_copyB6v15007INS_9allocatorI4CardEEPS2_S4_S4_EET2_RT_T0_T1_S5_ CODE
 0001:0000b980 0000002dH .text$_ZNSt3__116allocator_traitsINS_9allocatorI4CardEEE9constructB6v15007IS2_JRS2_EvEEvRS3_PT_DpOT0_ CODE
 0001:0000b9b0 00000037H .text$_ZNSt3__129_AllocatorDestroyRangeReverseINS_9allocatorI4CardEEPS2_EC1B6v15007ERS3_RS4_S7_ CODE
 0001:0000b9f0 0000005cH .text$_ZNKSt3__129_AllocatorDestroyRangeReverseINS_9allocatorI4CardEEPS2_EclB6v15007Ev CODE
 0001:0000ba50 00000028H .text$_ZNSt3__19allocatorI4CardE9constructB6v15007IS1_JRS1_EEEvPT_DpOT0_ CODE
 0001:0000ba80 0000003aH .text$_ZNSt3__129_AllocatorDestroyRangeReverseINS_9allocatorI4CardEEPS2_EC2B6v15007ERS3_RS4_S7_ CODE
 0001:0000bac0 00000064H .text$_ZNSt3__119__allocator_destroyB6v15007INS_9allocatorI4CardEENS_16reverse_iteratorIPS2_EES6_EEvRT_T0_T1_ CODE
 0001:0000bb30 0000003fH .text$_ZNSt3__113__transactionINS_6vectorI4CardNS_9allocatorIS2_EEE16__destroy_vectorEED2B6v15007Ev CODE
 0001:0000bb70 00000052H .text$_ZNKSt3__112basic_stringIcNS_11char_traitsIcEENS_9allocatorIcEEE4sizeB6v15007Ev CODE
 0001:0000bbd0 0000001cH .text$_ZNKSt3__112basic_stringIcNS_11char_traitsIcEENS_9allocatorIcEEE15__get_long_sizeB6v15007Ev CODE
 0001:0000bbf0 00000020H .text$_ZNKSt3__112basic_stringIcNS_11char_traitsIcEENS_9allocatorIcEEE16__get_short_sizeB6v15007Ev CODE
 0001:0000bc10 00000264H .text                   CODE
 0001:0000be80 00000023H .text$_ZN6System7Classes15TComponentClassC1EPNS_10TMetaClassE CODE
 0001:0000beb0 00000023H .text$_ZN6System7Classes15TComponentClassC2EPNS_10TMetaClassE CODE
 0001:0000bee0 0000001eH .text$_ZN6System15DelphiMetaClassINS_7Classes15TComponentClassEEC2EPNS_10TMetaClassE CODE
 0001:0000bf00 00004046H .text                   CODE
 0001:0000ff50 000000d2H .text$_ZN6System8Sysutils11ERangeErrorC3ENS_13UnicodeStringE CODE
 0001:00010030 0000004cH .text$_ZN6System8Sysutils11ERangeErrorD0Ev CODE
 0001:00010080 0000005bH .text$_ZN6System11WideCharLenIwEEiPKT_ CODE
 0001:000100e0 0000005bH .text$_ZN6System11WideCharLenIDsEEiPKT_ CODE
 0001:00010140 00000059H .text$_ZN6System11AnsiStringTILt0EEC2EPKci CODE
 0001:000101a0 000000e9H .text$_ZN6System11AnsiStringTILt0EED2Ev CODE
 0001:00010290 00000030H .text$_ZN6System11AnsiStringTILt0EEC2Ev CODE
 0001:000102c0 0000002aH .text$_ZN6System13UnicodeStringC2ILt0EEERKNS_11AnsiStringTIXT_EEE CODE
 0001:000102f0 000000d2H .text$_ZN6System8Sysutils9EIntErrorC3ENS_13UnicodeStringE CODE
 0001:000103d0 000000d2H .text$_ZN6System8Sysutils9EExternalC3ENS_13UnicodeStringE CODE
 0001:000104b0 0000004cH .text$_ZN6System8Sysutils9EIntErrorD0Ev CODE
 0001:00010500 0000004cH .text$_ZN6System8Sysutils9EExternalD0Ev CODE
 0001:00010550 00000023H .text$_ZN6System11AnsiStringTILt0EEC2ERKS1_ CODE
 0001:00010580 00000012H .text$_ZN6System14AnsiStringBaseC2Ev CODE
 0001:000105a0 00001a48H .text                   CODE
 0001:00011ff0 0000000bH .text$_ZN6System15DelphiInterfaceINS_10IInterfaceEEadEv CODE
 0001:00012000 0000004dH .text$_ZN6System15DelphiInterfaceINS_10IInterfaceEED2Ev CODE
 0001:00012050 00000029H .text$_ZNSt3__110lock_guardINS_5mutexEEC2B6v15007ERS1_ CODE
 0001:00012080 00000035H .text$_ZNSt3__113unordered_mapIPN6System7Typinfo9TTypeInfoEPSt9type_infoNS_4hashIS4_EENS_8equal_toIS4_EENS_9allocatorINS_4pairIKS4_S6_EEEEEC2B6v15007Ev CODE
 0001:000120c0 00000019H .text$_ZNSt3__113unordered_mapIPN6System7Typinfo9TTypeInfoEPSt9type_infoNS_4hashIS4_EENS_8equal_toIS4_EENS_9allocatorINS_4pairIKS4_S6_EEEEED2B6v15007Ev CODE
 0001:000120e0 00000084H .text$_ZNSt3__113unordered_mapIPN6System7Typinfo9TTypeInfoEPSt9type_infoNS_4hashIS4_EENS_8equal_toIS4_EENS_9allocatorINS_4pairIKS4_S6_EEEEEixERSD_ CODE
 0001:00012170 0000004aH .text$_ZN6System11AnsiStringTILt65001EEC2ERKNS_13UnicodeStringE CODE
 0001:000121c0 00000098H .text$_ZNK6System11AnsiStringTILt65001EEplERKS1_ CODE
 0001:00012260 0000004aH .text$_ZN6System11AnsiStringTILt65001EEC2EPKc CODE
 0001:000122b0 00000030H .text$_ZN6System11AnsiStringTILt65001EEC2Ev CODE
 0001:000122e0 0000002cH .text$_ZN6System11AnsiStringTILt65001EEaSERKS1_ CODE
 0001:00012310 00000019H .text$_ZN6System11AnsiStringTILt65001EED2Ev CODE
 0001:00012330 00000030H .text$_ZN10__cxxabiv117__class_type_infoC2Ev CODE
 0001:00012360 00000043H .text$_ZNK6System11AnsiStringTILt65001EE5c_strEv CODE
 0001:000123b0 0000001cH .text$_ZNSt3__110lock_guardINS_5mutexEED2B6v15007Ev CODE
 0001:000123d0 00000030H .text$_ZN10__cxxabiv116__shim_type_infoC2Ev CODE
 0001:00012400 00000083H .text$_ZNSt3__112__hash_tableINS_17__hash_value_typeIPN6System7Typinfo9TTypeInfoEPSt9type_infoEENS_22__unordered_map_hasherIS5_S8_NS_4hashIS5_EENS_8equal_toIS5_EELb1EEENS_21__unordered_map_equalIS5_S8_SD_SB_Lb1EEENS_9allocatorIS8_EEEC2Ev CODE
 0001:00012490 00000007H .text$_ZNSt3__119__debug_db_insert_cB6v15007INS_13unordered_mapIPN6System7Typinfo9TTypeInfoEPSt9type_infoNS_4hashIS5_EENS_8equal_toIS5_EENS_9allocatorINS_4pairIKS5_S7_EEEEEEEEvPT_ CODE
 0001:000124a0 00000030H .text$_ZNSt3__110unique_ptrIA_PNS_16__hash_node_baseIPNS_11__hash_nodeINS_17__hash_value_typeIPN6System7Typinfo9TTypeInfoEPSt9type_infoEEPvEEEENS_25__bucket_list_deallocatorINS_9allocatorISF_EEEEEC2B6v15007ILb1EvEEv CODE
 0001:000124d0 00000030H .text$_ZNSt3__117__compressed_pairINS_16__hash_node_baseIPNS_11__hash_nodeINS_17__hash_value_typeIPN6System7Typinfo9TTypeInfoEPSt9type_infoEEPvEEEENS_9allocatorISC_EEEC2B6v15007ILb1EvEEv CODE
 0001:00012500 0000003bH .text$_ZNSt3__117__compressed_pairIyNS_22__unordered_map_hasherIPN6System7Typinfo9TTypeInfoENS_17__hash_value_typeIS5_PSt9type_infoEENS_4hashIS5_EENS_8equal_toIS5_EELb1EEEEC2B6v15007IiNS_18__default_init_tagEEEOT_OT0_ CODE
 0001:00012540 0000003bH .text$_ZNSt3__117__compressed_pairIfNS_21__unordered_map_equalIPN6System7Typinfo9TTypeInfoENS_17__hash_value_typeIS5_PSt9type_infoEENS_8equal_toIS5_EENS_4hashIS5_EELb1EEEEC2B6v15007IfNS_18__default_init_tagEEEOT_OT0_ CODE
 0001:00012580 0000003eH .text$_ZNSt3__117__compressed_pairIPPNS_16__hash_node_baseIPNS_11__hash_nodeINS_17__hash_value_typeIPN6System7Typinfo9TTypeInfoEPSt9type_infoEEPvEEEENS_25__bucket_list_deallocatorINS_9allocatorISF_EEEEEC2B6v15007INS_16__value_init_tagESN_EEOT_OT0_ CODE
 0001:000125c0 0000001cH .text$_ZNSt3__122__compressed_pair_elemIPPNS_16__hash_node_baseIPNS_11__hash_nodeINS_17__hash_value_typeIPN6System7Typinfo9TTypeInfoEPSt9type_infoEEPvEEEELi0ELb0EEC2B6v15007ENS_16__value_init_tagE CODE
 0001:000125e0 0000001dH .text$_ZNSt3__122__compressed_pair_elemINS_25__bucket_list_deallocatorINS_9allocatorIPNS_16__hash_node_baseIPNS_11__hash_nodeINS_17__hash_value_typeIPN6System7Typinfo9TTypeInfoEPSt9type_infoEEPvEEEEEEEELi1ELb0EEC2B6v15007ENS_16__value_init_tagE CODE
 0001:00012600 00000038H .text$_ZNSt3__125__bucket_list_deallocatorINS_9allocatorIPNS_16__hash_node_baseIPNS_11__hash_nodeINS_17__hash_value_typeIPN6System7Typinfo9TTypeInfoEPSt9type_infoEEPvEEEEEEEC2B6v15007Ev CODE
 0001:00012640 0000003bH .text$_ZNSt3__117__compressed_pairIyNS_9allocatorIPNS_16__hash_node_baseIPNS_11__hash_nodeINS_17__hash_value_typeIPN6System7Typinfo9TTypeInfoEPSt9type_infoEEPvEEEEEEEC2B6v15007IiNS_18__default_init_tagEEEOT_OT0_ CODE
 0001:00012680 00000021H .text$_ZNSt3__122__compressed_pair_elemIyLi0ELb0EEC2B6v15007IivEEOT_ CODE
 0001:000126b0 0000001dH .text$_ZNSt3__122__compressed_pair_elemINS_9allocatorIPNS_16__hash_node_baseIPNS_11__hash_nodeINS_17__hash_value_typeIPN6System7Typinfo9TTypeInfoEPSt9type_infoEEPvEEEEEELi1ELb1EEC2B6v15007ENS_18__default_init_tagE CODE
 0001:000126d0 00000019H .text$_ZNSt3__19allocatorIPNS_16__hash_node_baseIPNS_11__hash_nodeINS_17__hash_value_typeIPN6System7Typinfo9TTypeInfoEPSt9type_infoEEPvEEEEEC2B6v15007Ev CODE
 0001:000126f0 00000007H .text$_ZNSt3__116__non_trivial_ifILb1ENS_9allocatorIPNS_16__hash_node_baseIPNS_11__hash_nodeINS_17__hash_value_typeIPN6System7Typinfo9TTypeInfoEPSt9type_infoEEPvEEEEEEEC2B6v15007Ev CODE
 0001:00012700 0000001dH .text$_ZNSt3__122__compressed_pair_elemINS_16__hash_node_baseIPNS_11__hash_nodeINS_17__hash_value_typeIPN6System7Typinfo9TTypeInfoEPSt9type_infoEEPvEEEELi0ELb0EEC2B6v15007ENS_16__value_init_tagE CODE
 0001:00012720 0000001dH .text$_ZNSt3__122__compressed_pair_elemINS_9allocatorINS_11__hash_nodeINS_17__hash_value_typeIPN6System7Typinfo9TTypeInfoEPSt9type_infoEEPvEEEELi1ELb1EEC2B6v15007ENS_16__value_init_tagE CODE
 0001:00012740 00000012H .text$_ZNSt3__116__hash_node_baseIPNS_11__hash_nodeINS_17__hash_value_typeIPN6System7Typinfo9TTypeInfoEPSt9type_infoEEPvEEEC2B6v15007Ev CODE
 0001:00012760 00000019H .text$_ZNSt3__19allocatorINS_11__hash_nodeINS_17__hash_value_typeIPN6System7Typinfo9TTypeInfoEPSt9type_infoEEPvEEEC2B6v15007Ev CODE
 0001:00012780 00000007H .text$_ZNSt3__116__non_trivial_ifILb1ENS_9allocatorINS_11__hash_nodeINS_17__hash_value_typeIPN6System7Typinfo9TTypeInfoEPSt9type_infoEEPvEEEEEC2B6v15007Ev CODE
 0001:00012790 0000001dH .text$_ZNSt3__122__compressed_pair_elemINS_22__unordered_map_hasherIPN6System7Typinfo9TTypeInfoENS_17__hash_value_typeIS5_PSt9type_infoEENS_4hashIS5_EENS_8equal_toIS5_EELb1EEELi1ELb1EEC2B6v15007ENS_18__default_init_tagE CODE
 0001:000127b0 00000007H .text$_ZNSt3__122__unordered_map_hasherIPN6System7Typinfo9TTypeInfoENS_17__hash_value_typeIS4_PSt9type_infoEENS_4hashIS4_EENS_8equal_toIS4_EELb1EEC2B6v15007Ev CODE
 0001:000127c0 00000023H .text$_ZNSt3__122__compressed_pair_elemIfLi0ELb0EEC2B6v15007IfvEEOT_ CODE
 0001:000127f0 0000001dH .text$_ZNSt3__122__compressed_pair_elemINS_21__unordered_map_equalIPN6System7Typinfo9TTypeInfoENS_17__hash_value_typeIS5_PSt9type_infoEENS_8equal_toIS5_EENS_4hashIS5_EELb1EEELi1ELb1EEC2B6v15007ENS_18__default_init_tagE CODE
 0001:00012810 00000007H .text$_ZNSt3__121__unordered_map_equalIPN6System7Typinfo9TTypeInfoENS_17__hash_value_typeIS4_PSt9type_infoEENS_8equal_toIS4_EENS_4hashIS4_EELb1EEC2B6v15007Ev CODE
 0001:00012820 00000051H .text$_ZNSt3__112__hash_tableINS_17__hash_value_typeIPN6System7Typinfo9TTypeInfoEPSt9type_infoEENS_22__unordered_map_hasherIS5_S8_NS_4hashIS5_EENS_8equal_toIS5_EELb1EEENS_21__unordered_map_equalIS5_S8_SD_SB_Lb1EEENS_9allocatorIS8_EEED2Ev CODE
 0001:00012880 000000adH .text$_ZNSt3__112__hash_tableINS_17__hash_value_typeIPN6System7Typinfo9TTypeInfoEPSt9type_infoEENS_22__unordered_map_hasherIS5_S8_NS_4hashIS5_EENS_8equal_toIS5_EELb1EEENS_21__unordered_map_equalIS5_S8_SD_SB_Lb1EEENS_9allocatorIS8_EEE17__deallocate_nodeEPNS_16__hash_node_baseIPNS_11__hash_nodeIS8_PvEEEE CODE
 0001:00012930 00000019H .text$_ZNSt3__117__compressed_pairINS_16__hash_node_baseIPNS_11__hash_nodeINS_17__hash_value_typeIPN6System7Typinfo9TTypeInfoEPSt9type_infoEEPvEEEENS_9allocatorISC_EEE5firstB6v15007Ev CODE
 0001:00012950 00000007H .text$_ZNSt3__118__debug_db_erase_cB6v15007INS_12__hash_tableINS_17__hash_value_typeIPN6System7Typinfo9TTypeInfoEPSt9type_infoEENS_22__unordered_map_hasherIS6_S9_NS_4hashIS6_EENS_8equal_toIS6_EELb1EEENS_21__unordered_map_equalIS6_S9_SE_SC_Lb1EEENS_9allocatorIS9_EEEEEEvPT_ CODE
 0001:00012960 0000001dH .text$_ZNSt3__110unique_ptrIA_PNS_16__hash_node_baseIPNS_11__hash_nodeINS_17__hash_value_typeIPN6System7Typinfo9TTypeInfoEPSt9type_infoEEPvEEEENS_25__bucket_list_deallocatorINS_9allocatorISF_EEEEED2B6v15007Ev CODE
 0001:00012980 0000001dH .text$_ZNSt3__112__hash_tableINS_17__hash_value_typeIPN6System7Typinfo9TTypeInfoEPSt9type_infoEENS_22__unordered_map_hasherIS5_S8_NS_4hashIS5_EENS_8equal_toIS5_EELb1EEENS_21__unordered_map_equalIS5_S8_SD_SB_Lb1EEENS_9allocatorIS8_EEE12__node_allocB6v15007Ev CODE
 0001:000129a0 00000019H .text$_ZNSt3__116__hash_node_baseIPNS_11__hash_nodeINS_17__hash_value_typeIPN6System7Typinfo9TTypeInfoEPSt9type_infoEEPvEEE8__upcastB6v15007Ev CODE
 0001:000129c0 00000012H .text$_ZNSt3__116allocator_traitsINS_9allocatorINS_11__hash_nodeINS_17__hash_value_typeIPN6System7Typinfo9TTypeInfoEPSt9type_infoEEPvEEEEE7destroyB6v15007INS_4pairIKS7_S9_EEvvEEvRSD_PT_ CODE
 0001:000129e0 00000019H .text$_ZNSt3__122__hash_key_value_typesINS_17__hash_value_typeIPN6System7Typinfo9TTypeInfoEPSt9type_infoEEE9__get_ptrB6v15007ERS8_ CODE
 0001:00012a00 0000002dH .text$_ZNSt3__116allocator_traitsINS_9allocatorINS_11__hash_nodeINS_17__hash_value_typeIPN6System7Typinfo9TTypeInfoEPSt9type_infoEEPvEEEEE10deallocateB6v15007ERSD_PSC_y CODE
 0001:00012a30 00000019H .text$_ZNSt3__117__compressed_pairINS_16__hash_node_baseIPNS_11__hash_nodeINS_17__hash_value_typeIPN6System7Typinfo9TTypeInfoEPSt9type_infoEEPvEEEENS_9allocatorISC_EEE6secondB6v15007Ev CODE
 0001:00012a50 0000000bH .text$_ZNSt3__122__compressed_pair_elemINS_9allocatorINS_11__hash_nodeINS_17__hash_value_typeIPN6System7Typinfo9TTypeInfoEPSt9type_infoEEPvEEEELi1ELb1EE5__getB6v15007Ev CODE
 0001:00012a60 0000000bH .text$_ZNSt3__114pointer_traitsIPNS_16__hash_node_baseIPNS_11__hash_nodeINS_17__hash_value_typeIPN6System7Typinfo9TTypeInfoEPSt9type_infoEEPvEEEEE10pointer_toB6v15007ERSE_ CODE
 0001:00012a70 00000019H .text$_ZNSt3__117__hash_value_typeIPN6System7Typinfo9TTypeInfoEPSt9type_infoE11__get_valueB6v15007Ev CODE
 0001:00012a90 00000019H .text$_ZNSt3__17launderB6v15007INS_4pairIKPN6System7Typinfo9TTypeInfoEPSt9type_infoEEEEPT_SB_ CODE
 0001:00012ab0 0000000bH .text$_ZNSt3__19__launderB6v15007INS_4pairIKPN6System7Typinfo9TTypeInfoEPSt9type_infoEEEEPT_SB_ CODE
 0001:00012ac0 0000003fH .text$_ZNSt3__19allocatorINS_11__hash_nodeINS_17__hash_value_typeIPN6System7Typinfo9TTypeInfoEPSt9type_infoEEPvEEE10deallocateB6v15007EPSB_y CODE
 0001:00012b00 0000000bH .text$_ZNSt3__122__compressed_pair_elemINS_16__hash_node_baseIPNS_11__hash_nodeINS_17__hash_value_typeIPN6System7Typinfo9TTypeInfoEPSt9type_infoEEPvEEEELi0ELb0EE5__getB6v15007Ev CODE
 0001:00012b10 0000005fH .text$_ZNSt3__110unique_ptrIA_PNS_16__hash_node_baseIPNS_11__hash_nodeINS_17__hash_value_typeIPN6System7Typinfo9TTypeInfoEPSt9type_infoEEPvEEEENS_25__bucket_list_deallocatorINS_9allocatorISF_EEEEE5resetB6v15007EDn CODE
 0001:00012b70 00000019H .text$_ZNSt3__117__compressed_pairIPPNS_16__hash_node_baseIPNS_11__hash_nodeINS_17__hash_value_typeIPN6System7Typinfo9TTypeInfoEPSt9type_infoEEPvEEEENS_25__bucket_list_deallocatorINS_9allocatorISF_EEEEE5firstB6v15007Ev CODE
 0001:00012b90 0000001dH .text$_ZNSt3__117__compressed_pairIPPNS_16__hash_node_baseIPNS_11__hash_nodeINS_17__hash_value_typeIPN6System7Typinfo9TTypeInfoEPSt9type_infoEEPvEEEENS_25__bucket_list_deallocatorINS_9allocatorISF_EEEEE6secondB6v15007Ev CODE
 0001:00012bb0 0000004eH .text$_ZNSt3__125__bucket_list_deallocatorINS_9allocatorIPNS_16__hash_node_baseIPNS_11__hash_nodeINS_17__hash_value_typeIPN6System7Typinfo9TTypeInfoEPSt9type_infoEEPvEEEEEEEclB6v15007EPSG_ CODE
 0001:00012c00 0000000bH .text$_ZNSt3__122__compressed_pair_elemIPPNS_16__hash_node_baseIPNS_11__hash_nodeINS_17__hash_value_typeIPN6System7Typinfo9TTypeInfoEPSt9type_infoEEPvEEEELi0ELb0EE5__getB6v15007Ev CODE
 0001:00012c10 0000000bH .text$_ZNSt3__122__compressed_pair_elemINS_25__bucket_list_deallocatorINS_9allocatorIPNS_16__hash_node_baseIPNS_11__hash_nodeINS_17__hash_value_typeIPN6System7Typinfo9TTypeInfoEPSt9type_infoEEPvEEEEEEEELi1ELb0EE5__getB6v15007Ev CODE
 0001:00012c20 0000002dH .text$_ZNSt3__116allocator_traitsINS_9allocatorIPNS_16__hash_node_baseIPNS_11__hash_nodeINS_17__hash_value_typeIPN6System7Typinfo9TTypeInfoEPSt9type_infoEEPvEEEEEEE10deallocateB6v15007ERSH_PSG_y CODE
 0001:00012c50 00000019H .text$_ZNSt3__125__bucket_list_deallocatorINS_9allocatorIPNS_16__hash_node_baseIPNS_11__hash_nodeINS_17__hash_value_typeIPN6System7Typinfo9TTypeInfoEPSt9type_infoEEPvEEEEEEE7__allocB6v15007Ev CODE
 0001:00012c70 00000019H .text$_ZNSt3__125__bucket_list_deallocatorINS_9allocatorIPNS_16__hash_node_baseIPNS_11__hash_nodeINS_17__hash_value_typeIPN6System7Typinfo9TTypeInfoEPSt9type_infoEEPvEEEEEEE4sizeB6v15007Ev CODE
 0001:00012c90 0000003fH .text$_ZNSt3__19allocatorIPNS_16__hash_node_baseIPNS_11__hash_nodeINS_17__hash_value_typeIPN6System7Typinfo9TTypeInfoEPSt9type_infoEEPvEEEEE10deallocateB6v15007EPSF_y CODE
 0001:00012cd0 00000019H .text$_ZNSt3__117__compressed_pairIyNS_9allocatorIPNS_16__hash_node_baseIPNS_11__hash_nodeINS_17__hash_value_typeIPN6System7Typinfo9TTypeInfoEPSt9type_infoEEPvEEEEEEE6secondB6v15007Ev CODE
 0001:00012cf0 0000000bH .text$_ZNSt3__122__compressed_pair_elemINS_9allocatorIPNS_16__hash_node_baseIPNS_11__hash_nodeINS_17__hash_value_typeIPN6System7Typinfo9TTypeInfoEPSt9type_infoEEPvEEEEEELi1ELb1EE5__getB6v15007Ev CODE
 0001:00012d00 00000019H .text$_ZNSt3__117__compressed_pairIyNS_9allocatorIPNS_16__hash_node_baseIPNS_11__hash_nodeINS_17__hash_value_typeIPN6System7Typinfo9TTypeInfoEPSt9type_infoEEPvEEEEEEE5firstB6v15007Ev CODE
 0001:00012d20 0000000bH .text$_ZNSt3__122__compressed_pair_elemIyLi0ELb0EE5__getB6v15007Ev CODE
 0001:00012d30 0000076cH .text$_ZNSt3__112__hash_tableINS_17__hash_value_typeIPN6System7Typinfo9TTypeInfoEPSt9type_infoEENS_22__unordered_map_hasherIS5_S8_NS_4hashIS5_EENS_8equal_toIS5_EELb1EEENS_21__unordered_map_equalIS5_S8_SD_SB_Lb1EEENS_9allocatorIS8_EEE25__emplace_unique_key_argsIS5_JRKNS_21piecewise_construct_tENS_5tupleIJRKS5_EEENSO_IJEEEEEENS_4pairINS_15__hash_iteratorIPNS_11__hash_nodeIS8_PvEEEEbEERKT_DpOT0_ CODE
 0001:000134a0 00000022H .text$_ZNSt3__116forward_as_tupleB6v15007IJRKPN6System7Typinfo9TTypeInfoEEEENS_5tupleIJDpOT_EEESA_ CODE
 0001:000134d0 00000006H .text$_ZNSt3__116forward_as_tupleB6v15007IJEEENS_5tupleIJDpOT_EEES4_ CODE
 0001:000134e0 00000028H .text$_ZNKSt3__115__hash_iteratorIPNS_11__hash_nodeINS_17__hash_value_typeIPN6System7Typinfo9TTypeInfoEPSt9type_infoEEPvEEEptB6v15007Ev CODE
 0001:00013510 0000001dH .text$_ZNSt3__112__hash_tableINS_17__hash_value_typeIPN6System7Typinfo9TTypeInfoEPSt9type_infoEENS_22__unordered_map_hasherIS5_S8_NS_4hashIS5_EENS_8equal_toIS5_EELb1EEENS_21__unordered_map_equalIS5_S8_SD_SB_Lb1EEENS_9allocatorIS8_EEE13hash_functionB6v15007Ev CODE
 0001:00013530 00000026H .text$_ZNKSt3__122__unordered_map_hasherIPN6System7Typinfo9TTypeInfoENS_17__hash_value_typeIS4_PSt9type_infoEENS_4hashIS4_EENS_8equal_toIS4_EELb1EEclB6v15007ERKS4_ CODE
 0001:00013560 00000021H .text$_ZNKSt3__112__hash_tableINS_17__hash_value_typeIPN6System7Typinfo9TTypeInfoEPSt9type_infoEENS_22__unordered_map_hasherIS5_S8_NS_4hashIS5_EENS_8equal_toIS5_EELb1EEENS_21__unordered_map_equalIS5_S8_SD_SB_Lb1EEENS_9allocatorIS8_EEE12bucket_countB6v15007Ev CODE
 0001:00013590 00000087H .text$_ZNSt3__116__constrain_hashB6v15007Eyy CODE
 0001:00013620 0000002cH .text$_ZNKSt3__110unique_ptrIA_PNS_16__hash_node_baseIPNS_11__hash_nodeINS_17__hash_value_typeIPN6System7Typinfo9TTypeInfoEPSt9type_infoEEPvEEEENS_25__bucket_list_deallocatorINS_9allocatorISF_EEEEEixB6v15007Ey CODE
 0001:00013650 0000000fH .text$_ZNKSt3__116__hash_node_baseIPNS_11__hash_nodeINS_17__hash_value_typeIPN6System7Typinfo9TTypeInfoEPSt9type_infoEEPvEEE6__hashB6v15007Ev CODE
 0001:00013660 0000001dH .text$_ZNSt3__112__hash_tableINS_17__hash_value_typeIPN6System7Typinfo9TTypeInfoEPSt9type_infoEENS_22__unordered_map_hasherIS5_S8_NS_4hashIS5_EENS_8equal_toIS5_EELb1EEENS_21__unordered_map_equalIS5_S8_SD_SB_Lb1EEENS_9allocatorIS8_EEE6key_eqB6v15007Ev CODE
 0001:00013680 00000043H .text$_ZNKSt3__121__unordered_map_equalIPN6System7Typinfo9TTypeInfoENS_17__hash_value_typeIS4_PSt9type_infoEENS_8equal_toIS4_EENS_4hashIS4_EELb1EEclB6v15007ERKS8_RKS4_ CODE
 0001:000136d0 000001a9H .text$_ZNSt3__112__hash_tableINS_17__hash_value_typeIPN6System7Typinfo9TTypeInfoEPSt9type_infoEENS_22__unordered_map_hasherIS5_S8_NS_4hashIS5_EENS_8equal_toIS5_EELb1EEENS_21__unordered_map_equalIS5_S8_SD_SB_Lb1EEENS_9allocatorIS8_EEE21__construct_node_hashIRKNS_21piecewise_construct_tEJNS_5tupleIJRKS5_EEENSO_IJEEEEEENS_10unique_ptrINS_11__hash_nodeIS8_PvEENS_22__hash_node_destructorINSH_ISW_EEEEEEyOT_DpOT0_ CODE
 0001:00013880 0000001dH .text$_ZNSt3__112__hash_tableINS_17__hash_value_typeIPN6System7Typinfo9TTypeInfoEPSt9type_infoEENS_22__unordered_map_hasherIS5_S8_NS_4hashIS5_EENS_8equal_toIS5_EELb1EEENS_21__unordered_map_equalIS5_S8_SD_SB_Lb1EEENS_9allocatorIS8_EEE4sizeB6v15007Ev CODE
 0001:000138a0 0000001dH .text$_ZNSt3__112__hash_tableINS_17__hash_value_typeIPN6System7Typinfo9TTypeInfoEPSt9type_infoEENS_22__unordered_map_hasherIS5_S8_NS_4hashIS5_EENS_8equal_toIS5_EELb1EEENS_21__unordered_map_equalIS5_S8_SD_SB_Lb1EEENS_9allocatorIS8_EEE15max_load_factorB6v15007Ev CODE
 0001:000138c0 00000023H .text$_ZNSt3__112__hash_tableINS_17__hash_value_typeIPN6System7Typinfo9TTypeInfoEPSt9type_infoEENS_22__unordered_map_hasherIS5_S8_NS_4hashIS5_EENS_8equal_toIS5_EELb1EEENS_21__unordered_map_equalIS5_S8_SD_SB_Lb1EEENS_9allocatorIS8_EEE15__rehash_uniqueB6v15007Ey CODE
 0001:000138f0 00000047H .text$_ZNSt3__116__is_hash_power2B6v15007Ey CODE
 0001:00013940 0000001bH .text$_Z4ceilB6v15007f  CODE
 0001:00013960 00000019H .text$_ZNSt3__116__hash_node_baseIPNS_11__hash_nodeINS_17__hash_value_typeIPN6System7Typinfo9TTypeInfoEPSt9type_infoEEPvEEE5__ptrB6v15007Ev CODE
 0001:00013980 0000001bH .text$_ZNKSt3__110unique_ptrINS_11__hash_nodeINS_17__hash_value_typeIPN6System7Typinfo9TTypeInfoEPSt9type_infoEEPvEENS_22__hash_node_destructorINS_9allocatorISB_EEEEEptB6v15007Ev CODE
 0001:000139a0 0000001bH .text$_ZNKSt3__110unique_ptrINS_11__hash_nodeINS_17__hash_value_typeIPN6System7Typinfo9TTypeInfoEPSt9type_infoEEPvEENS_22__hash_node_destructorINS_9allocatorISB_EEEEE3getB6v15007Ev CODE
 0001:000139c0 0000003bH .text$_ZNSt3__110unique_ptrINS_11__hash_nodeINS_17__hash_value_typeIPN6System7Typinfo9TTypeInfoEPSt9type_infoEEPvEENS_22__hash_node_destructorINS_9allocatorISB_EEEEE7releaseB6v15007Ev CODE
 0001:00013a00 0000001dH .text$_ZNSt3__110unique_ptrINS_11__hash_nodeINS_17__hash_value_typeIPN6System7Typinfo9TTypeInfoEPSt9type_infoEEPvEENS_22__hash_node_destructorINS_9allocatorISB_EEEEED2B6v15007Ev CODE
 0001:00013a20 00000024H .text$_ZNSt3__115__hash_iteratorIPNS_11__hash_nodeINS_17__hash_value_typeIPN6System7Typinfo9TTypeInfoEPSt9type_infoEEPvEEEC2B6v15007EPNS_16__hash_node_baseISC_EEPKv CODE
 0001:00013a50 00000033H .text$_ZNSt3__14pairINS_15__hash_iteratorIPNS_11__hash_nodeINS_17__hash_value_typeIPN6System7Typinfo9TTypeInfoEPSt9type_infoEEPvEEEEbEC2B6v15007ISE_RbLSB_0EEEOT_OT0_ CODE
 0001:00013a90 00000019H .text$_ZNSt3__117__compressed_pairIyNS_22__unordered_map_hasherIPN6System7Typinfo9TTypeInfoENS_17__hash_value_typeIS5_PSt9type_infoEENS_4hashIS5_EENS_8equal_toIS5_EELb1EEEE6secondB6v15007Ev CODE
 0001:00013ab0 0000000bH .text$_ZNSt3__122__compressed_pair_elemINS_22__unordered_map_hasherIPN6System7Typinfo9TTypeInfoENS_17__hash_value_typeIS5_PSt9type_infoEENS_4hashIS5_EENS_8equal_toIS5_EELb1EEELi1ELb1EE5__getB6v15007Ev CODE
 0001:00013ac0 0000004aH .text$_ZNKSt3__14hashIPN6System7Typinfo9TTypeInfoEEclB6v15007ES4_ CODE
 0001:00013b10 00000501H .text$_ZNSt3__121__murmur2_or_cityhashIyLy64EEclEPKvy CODE
 0001:00014020 0000019dH .text$_ZNSt3__121__murmur2_or_cityhashIyLy64EE18__hash_len_0_to_16EPKcy CODE
 0001:000141c0 0000010cH .text$_ZNSt3__121__murmur2_or_cityhashIyLy64EE19__hash_len_17_to_32EPKcy CODE
 0001:000142d0 00000339H .text$_ZNSt3__121__murmur2_or_cityhashIyLy64EE19__hash_len_33_to_64EPKcy CODE
 0001:00014610 0000001eH .text$_ZNSt3__110__loadwordB6v15007IyEET_PKv CODE
 0001:00014630 00000095H .text$_ZNSt3__121__murmur2_or_cityhashIyLy64EE13__hash_len_16Eyy CODE
 0001:000146d0 000000b0H .text$_ZNSt3__121__murmur2_or_cityhashIyLy64EE29__weak_hash_len_32_with_seedsEPKcyy CODE
 0001:00014780 00000058H .text$_ZNSt3__121__murmur2_or_cityhashIyLy64EE8__rotateEyi CODE
 0001:000147e0 0000002dH .text$_ZNSt3__14pairIyyEaSB6v15007EOS1_ CODE
 0001:00014810 0000003bH .text$_ZNSt3__14swapB6v15007IyEENS_9enable_ifIXaasr21is_move_constructibleIT_EE5valuesr18is_move_assignableIS2_EE5valueEvE4typeERS2_S5_ CODE
 0001:00014850 00000016H .text$_ZNSt3__121__murmur2_or_cityhashIyLy64EE11__shift_mixEy CODE
 0001:00014870 00000037H .text$_ZNSt3__121__murmur2_or_cityhashIyLy64EE22__rotate_by_at_least_1Eyi CODE
 0001:000148b0 0000001dH .text$_ZNSt3__110__loadwordB6v15007IjEET_PKv CODE
 0001:000148d0 0000011aH .text$_ZNSt3__121__murmur2_or_cityhashIyLy64EE29__weak_hash_len_32_with_seedsEyyyyyy CODE
 0001:000149f0 00000032H .text$_ZNSt3__14pairIyyEC2B6v15007IyyLPv0EEEOT_OT0_ CODE
 0001:00014a30 00000019H .text$_ZNKSt3__110unique_ptrIA_PNS_16__hash_node_baseIPNS_11__hash_nodeINS_17__hash_value_typeIPN6System7Typinfo9TTypeInfoEPSt9type_infoEEPvEEEENS_25__bucket_list_deallocatorINS_9allocatorISF_EEEEE11get_deleterB6v15007Ev CODE
 0001:00014a50 0000001bH .text$_ZNKSt3__125__bucket_list_deallocatorINS_9allocatorIPNS_16__hash_node_baseIPNS_11__hash_nodeINS_17__hash_value_typeIPN6System7Typinfo9TTypeInfoEPSt9type_infoEEPvEEEEEEE4sizeB6v15007Ev CODE
 0001:00014a70 0000001dH .text$_ZNKSt3__117__compressed_pairIPPNS_16__hash_node_baseIPNS_11__hash_nodeINS_17__hash_value_typeIPN6System7Typinfo9TTypeInfoEPSt9type_infoEEPvEEEENS_25__bucket_list_deallocatorINS_9allocatorISF_EEEEE6secondB6v15007Ev CODE
 0001:00014a90 0000000bH .text$_ZNKSt3__122__compressed_pair_elemINS_25__bucket_list_deallocatorINS_9allocatorIPNS_16__hash_node_baseIPNS_11__hash_nodeINS_17__hash_value_typeIPN6System7Typinfo9TTypeInfoEPSt9type_infoEEPvEEEEEEEELi1ELb0EE5__getB6v15007Ev CODE
 0001:00014aa0 00000019H .text$_ZNKSt3__117__compressed_pairIyNS_9allocatorIPNS_16__hash_node_baseIPNS_11__hash_nodeINS_17__hash_value_typeIPN6System7Typinfo9TTypeInfoEPSt9type_infoEEPvEEEEEEE5firstB6v15007Ev CODE
 0001:00014ac0 0000000bH .text$_ZNKSt3__122__compressed_pair_elemIyLi0ELb0EE5__getB6v15007Ev CODE
 0001:00014ad0 00000019H .text$_ZNKSt3__117__compressed_pairIPPNS_16__hash_node_baseIPNS_11__hash_nodeINS_17__hash_value_typeIPN6System7Typinfo9TTypeInfoEPSt9type_infoEEPvEEEENS_25__bucket_list_deallocatorINS_9allocatorISF_EEEEE5firstB6v15007Ev CODE
 0001:00014af0 0000000bH .text$_ZNKSt3__122__compressed_pair_elemIPPNS_16__hash_node_baseIPNS_11__hash_nodeINS_17__hash_value_typeIPN6System7Typinfo9TTypeInfoEPSt9type_infoEEPvEEEELi0ELb0EE5__getB6v15007Ev CODE
 0001:00014b00 00000019H .text$_ZNSt3__117__compressed_pairIfNS_21__unordered_map_equalIPN6System7Typinfo9TTypeInfoENS_17__hash_value_typeIS5_PSt9type_infoEENS_8equal_toIS5_EENS_4hashIS5_EELb1EEEE6secondB6v15007Ev CODE
 0001:00014b20 0000000bH .text$_ZNSt3__122__compressed_pair_elemINS_21__unordered_map_equalIPN6System7Typinfo9TTypeInfoENS_17__hash_value_typeIS5_PSt9type_infoEENS_8equal_toIS5_EENS_4hashIS5_EELb1EEELi1ELb1EE5__getB6v15007Ev CODE
 0001:00014b30 0000002eH .text$_ZNKSt3__18equal_toIPN6System7Typinfo9TTypeInfoEEclB6v15007ERKS4_S7_ CODE
 0001:00014b60 00000019H .text$_ZNKSt3__117__hash_value_typeIPN6System7Typinfo9TTypeInfoEPSt9type_infoE11__get_valueB6v15007Ev CODE
 0001:00014b80 00000019H .text$_ZNSt3__17launderB6v15007IKNS_4pairIKPN6System7Typinfo9TTypeInfoEPSt9type_infoEEEEPT_SC_ CODE
 0001:00014ba0 0000000bH .text$_ZNSt3__19__launderB6v15007IKNS_4pairIKPN6System7Typinfo9TTypeInfoEPSt9type_infoEEEEPT_SC_ CODE
 0001:00014bb0 00000023H .text$_ZNSt3__116allocator_traitsINS_9allocatorINS_11__hash_nodeINS_17__hash_value_typeIPN6System7Typinfo9TTypeInfoEPSt9type_infoEEPvEEEEE8allocateB6v15007ERSD_y CODE
 0001:00014be0 00000033H .text$_ZNSt3__122__hash_node_destructorINS_9allocatorINS_11__hash_nodeINS_17__hash_value_typeIPN6System7Typinfo9TTypeInfoEPSt9type_infoEEPvEEEEEC2B6v15007ERSD_b CODE
 0001:00014c20 0000003aH .text$_ZNSt3__110unique_ptrINS_11__hash_nodeINS_17__hash_value_typeIPN6System7Typinfo9TTypeInfoEPSt9type_infoEEPvEENS_22__hash_node_destructorINS_9allocatorISB_EEEEEC2B6v15007ILb1EvEEPSB_NS_16__dependent_typeINS_27__unique_ptr_deleter_sfinaeISF_EEXT_EE20__good_rval_ref_typeE CODE
 0001:00014c60 00000046H .text$_ZNSt3__116allocator_traitsINS_9allocatorINS_11__hash_nodeINS_17__hash_value_typeIPN6System7Typinfo9TTypeInfoEPSt9type_infoEEPvEEEEE9constructB6v15007INS_4pairIKS7_S9_EEJRKNS_21piecewise_construct_tENS_5tupleIJRSH_EEENSM_IJEEEEvEEvRSD_PT_DpOT0_ CODE
 0001:00014cb0 00000019H .text$_ZNSt3__110unique_ptrINS_11__hash_nodeINS_17__hash_value_typeIPN6System7Typinfo9TTypeInfoEPSt9type_infoEEPvEENS_22__hash_node_destructorINS_9allocatorISB_EEEEE11get_deleterB6v15007Ev CODE
 0001:00014cd0 00000051H .text$_ZNSt3__19allocatorINS_11__hash_nodeINS_17__hash_value_typeIPN6System7Typinfo9TTypeInfoEPSt9type_infoEEPvEEE8allocateB6v15007Ey CODE
 0001:00014d30 00000019H .text$_ZNSt3__116allocator_traitsINS_9allocatorINS_11__hash_nodeINS_17__hash_value_typeIPN6System7Typinfo9TTypeInfoEPSt9type_infoEEPvEEEEE8max_sizeB6v15007ISD_vEEyRKSD_ CODE
 0001:00014d50 00000011H .text$_ZNKSt3__19allocatorINS_11__hash_nodeINS_17__hash_value_typeIPN6System7Typinfo9TTypeInfoEPSt9type_infoEEPvEEE8max_sizeB6v15007Ev CODE
 0001:00014d70 00000040H .text$_ZNSt3__117__compressed_pairIPNS_11__hash_nodeINS_17__hash_value_typeIPN6System7Typinfo9TTypeInfoEPSt9type_infoEEPvEENS_22__hash_node_destructorINS_9allocatorISB_EEEEEC2B6v15007IRSC_SG_EEOT_OT0_ CODE
 0001:00014db0 00000021H .text$_ZNSt3__122__compressed_pair_elemIPNS_11__hash_nodeINS_17__hash_value_typeIPN6System7Typinfo9TTypeInfoEPSt9type_infoEEPvEELi0ELb0EEC2B6v15007IRSC_vEEOT_ CODE
 0001:00014de0 00000029H .text$_ZNSt3__122__compressed_pair_elemINS_22__hash_node_destructorINS_9allocatorINS_11__hash_nodeINS_17__hash_value_typeIPN6System7Typinfo9TTypeInfoEPSt9type_infoEEPvEEEEEELi1ELb0EEC2B6v15007ISF_vEEOT_ CODE
 0001:00014e10 0000004bH .text$_ZNSt3__19allocatorINS_11__hash_nodeINS_17__hash_value_typeIPN6System7Typinfo9TTypeInfoEPSt9type_infoEEPvEEE9constructB6v15007INS_4pairIKS6_S8_EEJRKNS_21piecewise_construct_tENS_5tupleIJRSF_EEENSK_IJEEEEEEvPT_DpOT0_ CODE
 0001:00014e60 00000057H .text$_ZNSt3__14pairIKPN6System7Typinfo9TTypeInfoEPSt9type_infoEC2B6v15007IJRS5_EJEEENS_21piecewise_construct_tENS_5tupleIJDpT_EEENSC_IJDpT0_EEE CODE
 0001:00014ec0 00000060H .text$_ZNSt3__14pairIKPN6System7Typinfo9TTypeInfoEPSt9type_infoEC2B6v15007IJRS5_EJEJLy0EEJEEENS_21piecewise_construct_tERNS_5tupleIJDpT_EEERNSC_IJDpT0_EEENS_15__tuple_indicesIJXspT1_EEEENSL_IJXspT2_EEEE CODE
 0001:00014f20 00000019H .text$_ZNSt3__13getB6v15007ILy0EJRKPN6System7Typinfo9TTypeInfoEEEERNS_13tuple_elementIXT_ENS_5tupleIJDpT0_EEEE4typeERSB_ CODE
 0001:00014f40 0000000eH .text$_ZNSt3__112__tuple_leafILy0ERKPN6System7Typinfo9TTypeInfoELb0EE3getB6v15007Ev CODE
 0001:00014f50 0000001dH .text$_ZNSt3__117__compressed_pairIPNS_11__hash_nodeINS_17__hash_value_typeIPN6System7Typinfo9TTypeInfoEPSt9type_infoEEPvEENS_22__hash_node_destructorINS_9allocatorISB_EEEEE6secondB6v15007Ev CODE
 0001:00014f70 0000000bH .text$_ZNSt3__122__compressed_pair_elemINS_22__hash_node_destructorINS_9allocatorINS_11__hash_nodeINS_17__hash_value_typeIPN6System7Typinfo9TTypeInfoEPSt9type_infoEEPvEEEEEELi1ELb0EE5__getB6v15007Ev CODE
 0001:00014f80 00000019H .text$_ZNSt3__117__compressed_pairIyNS_22__unordered_map_hasherIPN6System7Typinfo9TTypeInfoENS_17__hash_value_typeIS5_PSt9type_infoEENS_4hashIS5_EENS_8equal_toIS5_EELb1EEEE5firstB6v15007Ev CODE
 0001:00014fa0 00000019H .text$_ZNSt3__117__compressed_pairIfNS_21__unordered_map_equalIPN6System7Typinfo9TTypeInfoENS_17__hash_value_typeIS5_PSt9type_infoEENS_8equal_toIS5_EENS_4hashIS5_EELb1EEEE5firstB6v15007Ev CODE
 0001:00014fc0 0000000bH .text$_ZNSt3__122__compressed_pair_elemIfLi0ELb0EE5__getB6v15007Ev CODE
 0001:00014fd0 00000255H .text$_ZNSt3__112__hash_tableINS_17__hash_value_typeIPN6System7Typinfo9TTypeInfoEPSt9type_infoEENS_22__unordered_map_hasherIS5_S8_NS_4hashIS5_EENS_8equal_toIS5_EELb1EEENS_21__unordered_map_equalIS5_S8_SD_SB_Lb1EEENS_9allocatorIS8_EEE8__rehashILb1EEEvy CODE
 0001:00015230 000002c2H .text$_ZNSt3__112__hash_tableINS_17__hash_value_typeIPN6System7Typinfo9TTypeInfoEPSt9type_infoEENS_22__unordered_map_hasherIS5_S8_NS_4hashIS5_EENS_8equal_toIS5_EELb1EEENS_21__unordered_map_equalIS5_S8_SD_SB_Lb1EEENS_9allocatorIS8_EEE11__do_rehashILb1EEEvy CODE
 0001:00015500 00000056H .text$_ZNSt3__116__next_hash_pow2B6v15007Ey CODE
 0001:00015560 00000007H .text$_ZNSt3__125__debug_db_invalidate_allB6v15007INS_12__hash_tableINS_17__hash_value_typeIPN6System7Typinfo9TTypeInfoEPSt9type_infoEENS_22__unordered_map_hasherIS6_S9_NS_4hashIS6_EENS_8equal_toIS6_EELb1EEENS_21__unordered_map_equalIS6_S9_SE_SC_Lb1EEENS_9allocatorIS9_EEEEEEvPT_ CODE
 0001:00015570 00000019H .text$_ZNSt3__110unique_ptrIA_PNS_16__hash_node_baseIPNS_11__hash_nodeINS_17__hash_value_typeIPN6System7Typinfo9TTypeInfoEPSt9type_infoEEPvEEEENS_25__bucket_list_deallocatorINS_9allocatorISF_EEEEE11get_deleterB6v15007Ev CODE
 0001:00015590 0000006aH .text$_ZNSt3__110unique_ptrIA_PNS_16__hash_node_baseIPNS_11__hash_nodeINS_17__hash_value_typeIPN6System7Typinfo9TTypeInfoEPSt9type_infoEEPvEEEENS_25__bucket_list_deallocatorINS_9allocatorISF_EEEEE5resetB6v15007IPSF_EENS_9enable_ifIXsr28_CheckArrayPointerConversionIT_EE5valueEvE4typeESP_ CODE
 0001:00015600 00000023H .text$_ZNSt3__116allocator_traitsINS_9allocatorIPNS_16__hash_node_baseIPNS_11__hash_nodeINS_17__hash_value_typeIPN6System7Typinfo9TTypeInfoEPSt9type_infoEEPvEEEEEEE8allocateB6v15007ERSH_y CODE
 0001:00015630 00000051H .text$_ZNSt3__19allocatorIPNS_16__hash_node_baseIPNS_11__hash_nodeINS_17__hash_value_typeIPN6System7Typinfo9TTypeInfoEPSt9type_infoEEPvEEEEE8allocateB6v15007Ey CODE
 0001:00015690 00000019H .text$_ZNSt3__116allocator_traitsINS_9allocatorIPNS_16__hash_node_baseIPNS_11__hash_nodeINS_17__hash_value_typeIPN6System7Typinfo9TTypeInfoEPSt9type_infoEEPvEEEEEEE8max_sizeB6v15007ISH_vEEyRKSH_ CODE
 0001:000156b0 00000011H .text$_ZNKSt3__19allocatorIPNS_16__hash_node_baseIPNS_11__hash_nodeINS_17__hash_value_typeIPN6System7Typinfo9TTypeInfoEPSt9type_infoEEPvEEEEE8max_sizeB6v15007Ev CODE
 0001:000156d0 00000013H .text$_ZNSt3__112__libcpp_clzB6v15007Ey CODE
 0001:000156f0 00000019H .text$_ZNKSt3__117__compressed_pairIPNS_11__hash_nodeINS_17__hash_value_typeIPN6System7Typinfo9TTypeInfoEPSt9type_infoEEPvEENS_22__hash_node_destructorINS_9allocatorISB_EEEEE5firstB6v15007Ev CODE
 0001:00015710 0000000bH .text$_ZNKSt3__122__compressed_pair_elemIPNS_11__hash_nodeINS_17__hash_value_typeIPN6System7Typinfo9TTypeInfoEPSt9type_infoEEPvEELi0ELb0EE5__getB6v15007Ev CODE
 0001:00015720 00000019H .text$_ZNSt3__117__compressed_pairIPNS_11__hash_nodeINS_17__hash_value_typeIPN6System7Typinfo9TTypeInfoEPSt9type_infoEEPvEENS_22__hash_node_destructorINS_9allocatorISB_EEEEE5firstB6v15007Ev CODE
 0001:00015740 0000000bH .text$_ZNSt3__122__compressed_pair_elemIPNS_11__hash_nodeINS_17__hash_value_typeIPN6System7Typinfo9TTypeInfoEPSt9type_infoEEPvEELi0ELb0EE5__getB6v15007Ev CODE
 0001:00015750 0000006aH .text$_ZNSt3__110unique_ptrINS_11__hash_nodeINS_17__hash_value_typeIPN6System7Typinfo9TTypeInfoEPSt9type_infoEEPvEENS_22__hash_node_destructorINS_9allocatorISB_EEEEE5resetB6v15007EPSB_ CODE
 0001:000157c0 00000089H .text$_ZNSt3__122__hash_node_destructorINS_9allocatorINS_11__hash_nodeINS_17__hash_value_typeIPN6System7Typinfo9TTypeInfoEPSt9type_infoEEPvEEEEEclB6v15007EPSC_ CODE
 0001:00015850 00000040H .text$_ZNSt3__15tupleIJRKPN6System7Typinfo9TTypeInfoEEEC2B6v15007INS_4_AndELi0EEES6_ CODE
 0001:00015890 00000039H .text$_ZNSt3__112__tuple_implINS_15__tuple_indicesIJLy0EEEEJRKPN6System7Typinfo9TTypeInfoEEEC2B6v15007IJLy0EEJS8_EJEJEJS8_EEENS1_IJXspT_EEEENS_13__tuple_typesIJDpT0_EEENS1_IJXspT1_EEEENSC_IJDpT2_EEEDpOT3_ CODE
 0001:000158d0 0000001eH .text$_ZNSt3__112__tuple_leafILy0ERKPN6System7Typinfo9TTypeInfoELb0EEC2B6v15007IS6_vEEOT_ CODE
 0001:000158f0 0000000bH .text$_ZNSt3__114pointer_traitsIPNS_17__hash_value_typeIPN6System7Typinfo9TTypeInfoEPSt9type_infoEEE10pointer_toB6v15007ERS8_ CODE
 0001:00015900 00002dd6H .text                   CODE
 0001:000186e0 0000005bH .text$_ZN6System8_CharLenIwEEiPKT_ CODE
 0001:00018740 0000005bH .text$_ZN6System8_CharLenIDsEEiPKT_ CODE
 0001:000187a0 00000023H .text$_ZN6System14AnsiStringBaseC2ILt0EEEONS_11AnsiStringTIXT_EEE CODE
 0001:000187d0 0000004dH .text$_ZNK6System14AnsiStringBase8CodePageEv CODE
 0001:00018820 0000003aH .text$_ZNK6System14AnsiStringBaseixEi CODE
 0001:00018860 00000a7cH .text                   CODE
 0002:00000000 00000008H .rdata$.refptr._MINGW_INSTALL_DEBUG_MATHERR DATA
 0002:00000008 00000008H .rdata$.refptr.__dyn_tls_init_callback DATA
 0002:00000010 00000008H .rdata$.refptr.__globallocalestatus DATA
 0002:00000018 00000008H .rdata$.refptr.__image_base__ DATA
 0002:00000020 00000008H .rdata$.refptr.__imp___winitenv DATA
 0002:00000028 00000008H .rdata$.refptr.__mingw_app_type DATA
 0002:00000030 00000008H .rdata$.refptr.__mingw_initltsdrot_force DATA
 0002:00000038 00000008H .rdata$.refptr.__mingw_initltsdyn_force DATA
 0002:00000040 00000008H .rdata$.refptr.__mingw_initltssuo_force DATA
 0002:00000048 00000008H .rdata$.refptr.__mingw_oldexcpt_handler DATA
 0002:00000050 00000008H .rdata$.refptr.__native_startup_lock DATA
 0002:00000058 00000008H .rdata$.refptr.__native_startup_state DATA
 0002:00000060 00000008H .rdata$.refptr.__xc_a   DATA
 0002:00000068 00000008H .rdata$.refptr.__xc_z   DATA
 0002:00000070 00000008H .rdata$.refptr.__xi_a   DATA
 0002:00000078 00000008H .rdata$.refptr.__xi_z   DATA
 0002:00000080 00000008H .rdata$.refptr._commode DATA
 0002:00000088 00000008H .rdata$.refptr._dowildcard DATA
 0002:00000090 00000008H .rdata$.refptr._fmode   DATA
 0002:00000098 00000008H .rdata$.refptr._hInstance DATA
 0002:000000a0 00000008H .rdata$.refptr._newmode DATA
 0002:000000a8 000060caH .rdata                  DATA
 0002:00006180 0000003bH .rdata$_ZTR6TForm1      DATA
 0002:000061bb 0000003fH .rdata                  DATA
 0002:000061fa 00000011H .rdata$_ZTSSt12length_error DATA
 0002:0000620b 00000010H .rdata$_ZTSSt11logic_error DATA
 0002:0000621b 0000000dH .rdata$_ZTSSt9exception DATA
 0002:00006228 00000010H .rdata$_ZTISt9exception DATA
 0002:00006238 00000018H .rdata$_ZTISt11logic_error DATA
 0002:00006250 00000018H .rdata$_ZTISt12length_error DATA
 0002:00006268 00000019H .rdata$_ZTSSt20bad_array_new_length DATA
 0002:00006281 0000000dH .rdata$_ZTSSt9bad_alloc DATA
 0002:00006290 00000018H .rdata$_ZTISt9bad_alloc DATA
 0002:000062a8 00000018H .rdata$_ZTISt20bad_array_new_length DATA
 0002:000062c0 00000001H .rdata                  DATA
 0002:000062c8 00000008H .rdata$.refptr.Form1    DATA
 0002:000062d0 00000008H .rdata$.refptr._ZTRN6System8Sysutils9ExceptionE DATA
 0002:000062d8 00000008H .rdata$.refptr._ZTV6TForm1 DATA
 0002:000062e0 00000008H .rdata$.refptr._ZTVN6System8Sysutils9ExceptionE DATA
 0002:000062e8 00000012H .rdata                  DATA
 0002:00006300 00000008H .rdata$.refptr.__imp__tzset DATA
 0002:00006308 00000008H .rdata$.refptr.__mingw_module_is_dll DATA
 0002:00006310 00000008H .rdata$.refptr.__CTOR_LIST__ DATA
 0002:00006318 00000038H .rdata                  DATA
 0002:00006350 00000008H .rdata$.refptr._CRT_MT  DATA
 0002:00006358 00000255H .rdata                  DATA
 0002:000065b0 00000008H .rdata$.refptr.__RUNTIME_PSEUDO_RELOC_LIST_END__ DATA
 0002:000065b8 00000008H .rdata$.refptr.__RUNTIME_PSEUDO_RELOC_LIST__ DATA
 0002:000065c0 00000008H .rdata$.refptr._ZN6System10_init_instE DATA
 0002:000065c8 00000008H .rdata$.refptr._ZTRN6System8Sysutils11ERangeErrorE DATA
 0002:000065d0 00000008H .rdata$.refptr._ZTVN6System8Sysutils11ERangeErrorE DATA
 0002:000065d8 00000221H .rdata                  DATA
 0002:00006800 00000008H .rdata$.refptr.__EMBT_INIT_LIST_BEGIN__ DATA
 0002:00006808 00000008H .rdata$.refptr.__EMBT_INIT_LIST_END__ DATA
 0002:00006810 00000008H .rdata$.refptr.__isDLL  DATA
 0002:00006818 00000008H .rdata$.refptr.__isGUI  DATA
 0002:00006820 00000008H .rdata$.refptr.__isVCLPackage DATA
 0002:00006828 000003a0H .rdata                  DATA
 0002:00006c58 00000008H .CRT$XCA                DATA
 0002:00006c60 00000008H .CRT$XCAA               DATA
 0002:00006c68 00000008H .CRT$XCZ                DATA
 0002:00006c70 00000008H .CRT$XDA                DATA
 0002:00006c78 00000008H .CRT$XDZ                DATA
 0002:00006c80 00000008H .CRT$XIA                DATA
 0002:00006c88 00000008H .CRT$XIAA               DATA
 0002:00006c90 00000008H .CRT$XIZ                DATA
 0002:00006c98 00000008H .CRT$XLA                DATA
 0002:00006ca0 00000008H .CRT$XLC                DATA
 0002:00006ca8 00000008H .CRT$XLD                DATA
 0002:00006cb0 00000008H .CRT$XLZ                DATA
 0002:00006cc0 00000008H .ctors                  DATA
 0002:00006cc8 00000008H .ctors.65435            DATA
 0002:00006cd0 00000010H .ctors.65534            DATA
 0002:00006cf0 00000008H .dtors.65435            DATA
 0002:0000d198 000004c4H .xdata                  DATA
 0002:0000d65c 0000001cH .xdata$_ZN4CardC2ERKS_  DATA
 0002:0000d678 00000020H .xdata$_ZNSt3__16vectorI4CardNS_9allocatorIS1_EEED2B6v15007Ev DATA
 0002:0000d698 00000020H .xdata$_ZNSt3__16vectorI4CardNS_9allocatorIS1_EEE22__base_destruct_at_endB6v15007EPS1_ DATA
 0002:0000d6b8 00000020H .xdata$_ZNSt3__19allocatorI4CardE10deallocateB6v15007EPS1_y DATA
 0002:0000d6d8 00000008H .xdata$_ZN4DeckD1Ev     DATA
 0002:0000d6e0 00000008H .xdata$_ZN3Vcl5Forms5TFormC3EPN6System7Classes10TComponentE DATA
 0002:0000d6e8 00000008H .xdata$_ZN6System3SetINS_7Uitypes10TFontStyleELS2_0ELS2_3EEC1Ev DATA
 0002:0000d6f0 00000008H .xdata$_ZN6System3SetINS_7Uitypes10TFontStyleELS2_0ELS2_3EElsES2_ DATA
 0002:0000d6f8 00000008H .xdata$_ZN3Vcl5Forms5TFormD0Ev DATA
 0002:0000d700 00000008H .xdata$_ZNKSt3__112basic_stringIcNS_11char_traitsIcEENS_9allocatorIcEEE5c_strB6v15007Ev DATA
 0002:0000d708 00000008H .xdata$_ZNSt3__16vectorI4CardNS_9allocatorIS1_EEEixB6v15007Ey DATA
 0002:0000d710 00000008H .xdata$_ZN4CardC1ERKS_  DATA
 0002:0000d718 00000008H .xdata$_ZN4CardD1Ev     DATA
 0002:0000d720 00000008H .xdata$_ZNSt3__16vectorI4CardNS_9allocatorIS1_EEED1B6v15007Ev DATA
 0002:0000d728 00000008H .xdata$_ZN6TForm1D0Ev   DATA
 0002:0000d730 00000008H .xdata$_ZN3Vcl5Forms5TFormC3EPN6System7Classes10TComponentEi DATA
 0002:0000d738 00000008H .xdata$_ZN3Vcl5Forms5TFormC3EPN6System7Classes10TComponentEii DATA
 0002:0000d740 00000008H .xdata$_ZN4DeckD2Ev     DATA
 0002:0000d748 0000001cH .xdata$_ZN4CardC2ERKS_  DATA
 0002:0000d764 00000008H .xdata$_ZN4CardD2Ev     DATA
 0002:0000d76c 00000008H .xdata$_ZNKSt3__112basic_stringIcNS_11char_traitsIcEENS_9allocatorIcEEE4dataB6v15007Ev DATA
 0002:0000d774 00000008H .xdata$_ZNSt3__112__to_addressB6v15007IKcEEPT_S3_ DATA
 0002:0000d77c 00000008H .xdata$_ZNKSt3__112basic_stringIcNS_11char_traitsIcEENS_9allocatorIcEEE13__get_pointerB6v15007Ev DATA
 0002:0000d784 00000008H .xdata$_ZNKSt3__112basic_stringIcNS_11char_traitsIcEENS_9allocatorIcEEE9__is_longB6v15007Ev DATA
 0002:0000d78c 00000008H .xdata$_ZNKSt3__112basic_stringIcNS_11char_traitsIcEENS_9allocatorIcEEE18__get_long_pointerB6v15007Ev DATA
 0002:0000d794 00000008H .xdata$_ZNKSt3__112basic_stringIcNS_11char_traitsIcEENS_9allocatorIcEEE19__get_short_pointerB6v15007Ev DATA
 0002:0000d79c 00000008H .xdata$_ZNKSt3__117__compressed_pairINS_12basic_stringIcNS_11char_traitsIcEENS_9allocatorIcEEE5__repES5_E5firstB6v15007Ev DATA
 0002:0000d7a4 00000008H .xdata$_ZNKSt3__122__compressed_pair_elemINS_12basic_stringIcNS_11char_traitsIcEENS_9allocatorIcEEE5__repELi0ELb0EE5__getB6v15007Ev DATA
 0002:0000d7ac 00000008H .xdata$_ZNSt3__114pointer_traitsIPKcE10pointer_toB6v15007ERS1_ DATA
 0002:0000d7b4 00000020H .xdata$_ZNSt3__16vectorI4CardNS_9allocatorIS1_EEED2B6v15007Ev DATA
 0002:0000d7d4 00000008H .xdata$_ZNSt3__16vectorI4CardNS_9allocatorIS1_EEE16__destroy_vectorC1ERS4_ DATA
 0002:0000d7dc 00000008H .xdata$_ZNSt3__16vectorI4CardNS_9allocatorIS1_EEE16__destroy_vectorclB6v15007Ev DATA
 0002:0000d7e4 00000008H .xdata$_ZNSt3__16vectorI4CardNS_9allocatorIS1_EEE16__destroy_vectorC2ERS4_ DATA
 0002:0000d7ec 00000008H .xdata$_ZNKSt3__16vectorI4CardNS_9allocatorIS1_EEE17__annotate_deleteB6v15007Ev DATA
 0002:0000d7f4 00000008H .xdata$_ZNSt3__118__debug_db_erase_cB6v15007INS_6vectorI4CardNS_9allocatorIS2_EEEEEEvPT_ DATA
 0002:0000d7fc 00000008H .xdata$_ZNSt3__16vectorI4CardNS_9allocatorIS1_EEE7__clearB6v15007Ev DATA
 0002:0000d804 00000008H .xdata$_ZNSt3__116allocator_traitsINS_9allocatorI4CardEEE10deallocateB6v15007ERS3_PS2_y DATA
 0002:0000d80c 00000008H .xdata$_ZNSt3__16vectorI4CardNS_9allocatorIS1_EEE7__allocB6v15007Ev DATA
 0002:0000d814 00000008H .xdata$_ZNKSt3__16vectorI4CardNS_9allocatorIS1_EEE8capacityB6v15007Ev DATA
 0002:0000d81c 00000008H .xdata$_ZNKSt3__16vectorI4CardNS_9allocatorIS1_EEE31__annotate_contiguous_containerB6v15007EPKvS6_S6_S6_ DATA
 0002:0000d824 00000008H .xdata$_ZNKSt3__16vectorI4CardNS_9allocatorIS1_EEE4dataB6v15007Ev DATA
 0002:0000d82c 00000008H .xdata$_ZNKSt3__16vectorI4CardNS_9allocatorIS1_EEE4sizeB6v15007Ev DATA
 0002:0000d834 00000008H .xdata$_ZNSt3__112__to_addressB6v15007I4CardEEPT_S3_ DATA
 0002:0000d83c 00000020H .xdata$_ZNSt3__16vectorI4CardNS_9allocatorIS1_EEE22__base_destruct_at_endB6v15007EPS1_ DATA
 0002:0000d85c 00000008H .xdata$_ZNSt3__116allocator_traitsINS_9allocatorI4CardEEE7destroyB6v15007IS2_vEEvRS3_PT_ DATA
 0002:0000d864 00000008H .xdata$_ZNSt3__19allocatorI4CardE7destroyB6v15007EPS1_ DATA
[...]
 0002:00010488       $unwind$_ZN6System8Internal7Initcpp23SelectForInitializationEPNS1_20TUnitDescriptorBlockES3_ 000000014002c488     rtl:System.Internal.InitCPP.o
 0002:0001048c       $unwind$_ZN6System8Internal7Initcpp23SelectForInitializationEPPNS1_20TUnitDescriptorBlockES4_ 000000014002c48c     rtl:System.Internal.InitCPP.o
 0002:00010490       $unwind$_ZN6System8Internal7Initcpp15InitializeUnitsEPNS1_20TUnitDescriptorBlockES3_ 000000014002c490     rtl:System.Internal.InitCPP.o
 0002:0001049c       $unwind$_ZN6System8Internal7Initcpp13FinalizeUnitsEPNS1_20TUnitDescriptorBlockES3_ 000000014002c49c     rtl:System.Internal.InitCPP.o
 0002:000104a4       $unwind$_ZN6System8Internal7Initcpp15InitializeUnitsEPPNS1_20TUnitDescriptorBlockES4_ 000000014002c4a4     rtl:System.Internal.InitCPP.o
 0002:000104b0       $unwind$_ZN6System8Internal7Initcpp13FinalizeUnitsEPPNS1_20TUnitDescriptorBlockES4_ 000000014002c4b0     rtl:System.Internal.InitCPP.o
 0002:000104b8       $unwind$_ZN6System8Internal7Initcpp15InitializeUnitsEPNS1_15TUnitDescriptorES3_ 000000014002c4b8     rtl:System.Internal.InitCPP.o
 0002:000104c0       $unwind$_ZN6System8Internal7Initcpp13FinalizeUnitsEPNS1_15TUnitDescriptorES3_ 000000014002c4c0     rtl:System.Internal.InitCPP.o
 0002:000104c8       $unwind$_ZN6System8Internal7Initcpp15CalculateDegreeEPNS1_20TUnitDescriptorBlockES3_ 000000014002c4c8     rtl:System.Internal.InitCPP.o
 0002:000104cc       $unwind$_ZN6System8Internal7Initcpp15CalculateDegreeEPPNS1_20TUnitDescriptorBlockES4_ 000000014002c4cc     rtl:System.Internal.InitCPP.o
 0002:000104d0       $unwind$_ZN6System8Internal7Initcpp16FinalizeUnitListEPPPNS1_15TUnitDescriptorES5_ 000000014002c4d0     rtl:System.Internal.InitCPP.o
 0002:0001050c       $unwind$_ZN6System8Internal7Initcpp18InitializeRootUnitEPNS1_15TUnitDescriptorE 000000014002c50c     rtl:System.Internal.InitCPP.o
 0002:000105c0       $unwind$_ZN6System8Internal7Initcpp16FinalizeRootUnitEPNS1_15TUnitDescriptorE 000000014002c5c0     rtl:System.Internal.InitCPP.o
 0002:000105fc       $unwind$_ZN6System8Internal7Initcpp12FinalizationEv 000000014002c5fc     rtl:System.Internal.InitCPP.o
 0002:00010600       $unwind$_ZN6System8Internal7Initcpp14initializationEv 000000014002c600     rtl:System.Internal.InitCPP.o
 0004:00000000       version_string             000000014002e000     crtbegin.o
 0004:000000e8       _ZN7Sysinit6ModuleE        000000014002e0e8     sysinit.o
 0004:00000120       _ZN7Sysinit7TlsProcE       000000014002e120     sysinit.o
 0004:00000140       _ZN7Sysinit21_dtors_delayhlp_65535E 000000014002e140     sysinit.o
 0004:00000160       initial_tznames            000000014002e160     libucrt:lib64_libucrt_extra_a-ucrtbase_compat.o
 0004:00000178       initial_timezone           000000014002e178     libucrt:lib64_libucrt_extra_a-ucrtbase_compat.o
 0004:00000188       initial_daylight           000000014002e188     libucrt:lib64_libucrt_extra_a-ucrtbase_compat.o
 0004:000001c8       initial_tzname0            000000014002e1c8     libucrt:lib64_libucrt_extra_a-ucrtbase_compat.o
 0004:000001cc       initial_tzname1            000000014002e1cc     libucrt:lib64_libucrt_extra_a-ucrtbase_compat.o
 0004:000001e0       __do_global_dtors.p        000000014002e1e0     libmingw32:lib64_libmingw32_a-gccmain.o
 0004:00000218       _ZZN6System19CheckSafecallResultElE13__init_comobj 000000014002e218     rtle:syssupp.o
 0004:0000023c       managedapp                 000000014002e23c     crt2u.o
 0004:00000240       startinfo                  000000014002e240     crt2u.o
 0004:00000244       argc                       000000014002e244     crt2u.o
 0004:00000248       argv                       000000014002e248     crt2u.o
 0004:00000250       envp                       000000014002e250     crt2u.o
 0004:00000258       argret                     000000014002e258     crt2u.o
 0004:0000025c       has_cctor                  000000014002e25c     crt2u.o
 0004:00000260       mainret                    000000014002e260     crt2u.o
 0004:000002a8       _ZN7Sysinit2_1E            000000014002e2a8     sysinit.o
 0004:000002b0       _ZN7Sysinit9tlsBufferE     000000014002e2b0     sysinit.o
 0004:000002b8       _ZN7Sysinit9UseTlsAPIE     000000014002e2b8     sysinit.o
 0004:000002c0       .bss.delayhlp              000000014002e2c0     sysinit.o
 0004:000002c0       ..__puiHead                000000014002e2c0     sysinit.o
 0004:00000338       local__initenv             000000014002e338     libucrt:lib64_libucrt_extra_a-__initenv.o
 0004:00000340       local__winitenv            000000014002e340     libucrt:lib64_libucrt_extra_a-__initenv.o
 0004:00000348       initialized                000000014002e348     libmingw32:lib64_libmingw32_a-gccmain.o
 0004:00000380       _pei386_runtime_relocator.was_init 000000014002e380     libmingw32:lib64_libmingw32_a-pseudo-reloc.o
 0004:00000388       the_secs                   000000014002e388     libmingw32:lib64_libmingw32_a-pseudo-reloc.o
 0004:00000390       maxSections                000000014002e390     libmingw32:lib64_libmingw32_a-pseudo-reloc.o
 0004:00000398       stUserMathErr              000000014002e398     libmingw32:lib64_libmingw32_a-usermatherr.o
 0004:000003b8       __mingwthr_cs_init         000000014002e3b8     libmingw32:lib64_libmingw32_a-tlsthrd.o
 0004:000003c0       __mingwthr_cs              000000014002e3c0     libmingw32:lib64_libmingw32_a-tlsthrd.o
 0004:000003e8       key_dtor_list              000000014002e3e8     libmingw32:lib64_libmingw32_a-tlsthrd.o
 0004:000003f8       _ZZ18__delphi_type_infoE15type_info_mutex 000000014002e3f8     rtle:syssupp.o
 0004:00000400       _ZZ18__delphi_type_infoE13type_info_map 000000014002e400     rtle:syssupp.o
 0004:00000428       _ZGVZ18__delphi_type_infoE13type_info_map 000000014002e428     rtle:syssupp.o
 0004:00000438       _ZN6System8Internal7Strhlpr2_1E 000000014002e438     rtl:System.Internal.StrHlpr.o
 0004:0000043c       _ZN6System8Internal7Initcpp2_1E 000000014002e43c     rtl:System.Internal.InitCPP.o
 0005:0000006c       $pdata$_ZN7Sysinit19InterlockedExchangeERii 000000014002f06c     sysinit.o
 0005:00000078       $pdata$_ZN7Sysinit26InterlockedExchangePointerERPvS0_ 000000014002f078     sysinit.o
 0005:00000084       $pdata$_ZN7Sysinit17SetDliNotifyHook2EPFPv15dliNotificationP13DelayLoadInfoE 000000014002f084     sysinit.o
 0005:00000090       $pdata$_ZN7Sysinit14DliNotifyHook2Ev 000000014002f090     sysinit.o
 0005:0000009c       $pdata$_ZN7Sysinit18SetDliFailureHook2EPFPv15dliNotificationP13DelayLoadInfoE 000000014002f09c     sysinit.o
 0005:000000a8       $pdata$_ZN7Sysinit15DliFailureHook2Ev 000000014002f0a8     sysinit.o
 0005:000000b4       $pdata$_ZN7Sysinit17_DelayLoadHelper2ERPvS0_ 000000014002f0b4     sysinit.o
 0005:000000c0       $pdata$_ZN7Sysinit21UnloadDelayLoadedDLL2EPc 000000014002f0c0     sysinit.o
 0005:000000cc       $pdata$_ZN7Sysinit20LoadAllImportsForDllEPc 000000014002f0cc     sysinit.o
 0005:000000d8       $pdata$_ZN7Sysinit14AllocTlsBufferEi 000000014002f0d8     sysinit.o
 0005:000000e4       $pdata$_ZN7Sysinit10GetTlsSizeEv 000000014002f0e4     sysinit.o
 0005:000000f0       $pdata$_ZN7Sysinit13InitThreadTLSEv 000000014002f0f0     sysinit.o
 0005:000000fc       $pdata$_ZN7Sysinit14InitProcessTLSEv 000000014002f0fc     sysinit.o
 0005:00000108       $pdata$_ZN7Sysinit13ExitThreadTLSEv 000000014002f108     sysinit.o
 0005:00000114       $pdata$_ZN7Sysinit14ExitProcessTLSEv 000000014002f114     sysinit.o
 0005:00000120       $pdata$_ZN7Sysinit6isWineEv 000000014002f120     sysinit.o
 0005:0000012c       $pdata$_ZN7Sysinit7_GetTlsEv 000000014002f12c     sysinit.o
 0005:00000138       $pdata$_ZN7Sysinit16InitializeModuleEv 000000014002f138     sysinit.o
 0005:00000144       $pdata$_ZN7Sysinit18UninitializeModuleEv 000000014002f144     sysinit.o
 0005:00000150       $pdata$_ZN7Sysinit7VclInitEbbyb 000000014002f150     sysinit.o
 0005:0000015c       $pdata$_ZN7Sysinit7VclExitEv 000000014002f15c     sysinit.o
 0005:00000168       $pdata$_ZN7Sysinit14__dbkDummyProcEv 000000014002f168     sysinit.o
 0005:00000174       $pdata$_ZN7Sysinit14__dbkFCallArgsEPvS0_S0_S0_S0_S0_S0_S0_S0_S0_S0_S0_S0_S0_S0_S0_S0_S0_S0_S0_S0_S0_S0_S0_S0_S0_S0_S0_S0_S0_ 000000014002f174     sysinit.o
 0005:00000180       $pdata$_ZN7Sysinit19__dbk_fcall_wrapperEv 000000014002f180     sysinit.o
 0005:00000198       $pdata$_ZN7Sysinit8_InitPkgEyiPv 000000014002f198     sysinit.o
 0005:000001a4       $pdata$_ZN7Sysinit12_PackageLoadEPN6System16PackageInfoTableE 000000014002f1a4     sysinit.o
 0005:000001b0       $pdata$_ZN7Sysinit14_PackageUnloadEPN6System16PackageInfoTableE 000000014002f1b0     sysinit.o
 0005:000001bc       $pdata$_ZN7Sysinit8_InitLibEPN6System12TInitContextEPNS0_16PackageInfoTableEyjPv 000000014002f1bc     sysinit.o
 0005:000001c8       $pdata$_ZN7Sysinit8_InitExeEPv 000000014002f1c8     sysinit.o
 0005:000001d4       $pdata$delayhlp            000000014002f1d4     sysinit.o
 0005:00000204       $pdata$_ZN7Sysinit12FinalizationEv 000000014002f204     sysinit.o
 0005:00000210       $pdata$_ZN7Sysinit14initializationEv 000000014002f210     sysinit.o
 0005:000022e0       $pdata$_ZN6System8Internal7Strhlpr15UnicodeFromAnsiERNS_13UnicodeStringERNS_11AnsiStringTILt65535EEE 00000001400312e0     rtl:System.Internal.StrHlpr.o
 0005:000022ec       $pdata$_ZN6System8Internal7Strhlpr16UnicodeFromPCharERNS_13UnicodeStringEPcb 00000001400312ec     rtl:System.Internal.StrHlpr.o
 0005:00002304       $pdata$_ZN6System8Internal7Strhlpr15UnicodeFromUTF8ERNS_13UnicodeStringEPKc 0000000140031304     rtl:System.Internal.StrHlpr.o
 0005:00002310       $pdata$_ZN6System8Internal7Strhlpr20UnicodeFromPWideCharERNS_13UnicodeStringEPw 0000000140031310     rtl:System.Internal.StrHlpr.o
 0005:0000231c       $pdata$_ZN6System8Internal7Strhlpr13UnicodeAppendERNS_13UnicodeStringES3_ 000000014003131c     rtl:System.Internal.StrHlpr.o
 0005:00002328       $pdata$_ZN6System8Internal7Strhlpr10UnicodeCatERNS_13UnicodeStringES3_ 0000000140031328     rtl:System.Internal.StrHlpr.o
 0005:00002334       $pdata$_ZN6System8Internal7Strhlpr13UnicodeDeleteERNS_13UnicodeStringEii 0000000140031334     rtl:System.Internal.StrHlpr.o
 0005:00002340       $pdata$_ZN6System8Internal7Strhlpr16UnicodeSetLengthERNS_13UnicodeStringEi 0000000140031340     rtl:System.Internal.StrHlpr.o
 0005:0000234c       $pdata$_ZN6System8Internal7Strhlpr10UnicodePosERNS_13UnicodeStringES3_ 000000014003134c     rtl:System.Internal.StrHlpr.o
 0005:00002358       $pdata$_ZN6System8Internal7Strhlpr11UnicodeCopyERNS_13UnicodeStringEii 0000000140031358     rtl:System.Internal.StrHlpr.o
 0005:00002364       $pdata$_ZN6System8Internal7Strhlpr13UnicodeInsertERNS_13UnicodeStringES3_i 0000000140031364     rtl:System.Internal.StrHlpr.o
 0005:00002370       $pdata$_ZN6System8Internal7Strhlpr13UnicodeAssignERNS_13UnicodeStringES3_ 0000000140031370     rtl:System.Internal.StrHlpr.o
 0005:0000237c       $pdata$_ZN6System8Internal7Strhlpr11UnicodeFreeERNS_13UnicodeStringE 000000014003137c     rtl:System.Internal.StrHlpr.o
 0005:00002388       $pdata$_ZN6System8Internal7Strhlpr12UnicodeEqualERNS_13UnicodeStringES3_ 0000000140031388     rtl:System.Internal.StrHlpr.o
 0005:00002394       $pdata$_ZN6System8Internal7Strhlpr11UnicodeLessERNS_13UnicodeStringES3_ 0000000140031394     rtl:System.Internal.StrHlpr.o
 0005:000023a0       $pdata$_ZN6System8Internal7Strhlpr14UnicodeGreaterERNS_13UnicodeStringES3_ 00000001400313a0     rtl:System.Internal.StrHlpr.o
 0005:000023ac       $pdata$_ZN6System8Internal7Strhlpr10AnsiAppendERNS_11AnsiStringTILt65535EEES4_ 00000001400313ac     rtl:System.Internal.StrHlpr.o
 0005:000023b8       $pdata$_ZN6System8Internal7Strhlpr7AnsiCatERNS_11AnsiStringTILt65535EEES4_ 00000001400313b8     rtl:System.Internal.StrHlpr.o
 0005:000023c4       $pdata$_ZN6System8Internal7Strhlpr10AnsiDeleteERNS_11AnsiStringTILt65535EEEii 00000001400313c4     rtl:System.Internal.StrHlpr.o
 0005:000023d0       $pdata$_ZN6System8Internal7Strhlpr13AnsiSetLengthERNS_11AnsiStringTILt65535EEEi 00000001400313d0     rtl:System.Internal.StrHlpr.o
 0005:000023dc       $pdata$_ZN6System8Internal7Strhlpr7AnsiPosERNS_11AnsiStringTILt65535EEES4_ 00000001400313dc     rtl:System.Internal.StrHlpr.o
 0005:000023e8       $pdata$_ZN6System8Internal7Strhlpr8AnsiCopyERNS_11AnsiStringTILt65535EEEii 00000001400313e8     rtl:System.Internal.StrHlpr.o
 0005:000023f4       $pdata$_ZN6System8Internal7Strhlpr10AnsiInsertERNS_11AnsiStringTILt65535EEES4_i 00000001400313f4     rtl:System.Internal.StrHlpr.o
 0005:00002400       $pdata$_ZN6System8Internal7Strhlpr9AnsiEqualERNS_11AnsiStringTILt65535EEES4_ 0000000140031400     rtl:System.Internal.StrHlpr.o
 0005:0000240c       $pdata$_ZN6System8Internal7Strhlpr11AnsiGreaterERNS_11AnsiStringTILt65535EEES4_ 000000014003140c     rtl:System.Internal.StrHlpr.o
 0005:00002418       $pdata$_ZN6System8Internal7Strhlpr8AnsiLessERNS_11AnsiStringTILt65535EEES4_ 0000000140031418     rtl:System.Internal.StrHlpr.o
 0005:00002424       $pdata$_ZN6System8Internal7Strhlpr10AnsiAssignERNS_11AnsiStringTILt65535EEES4_ 0000000140031424     rtl:System.Internal.StrHlpr.o
 0005:00002430       $pdata$_ZN6System8Internal7Strhlpr8AnsiFreeERNS_11AnsiStringTILt65535EEE 0000000140031430     rtl:System.Internal.StrHlpr.o
 0005:0000243c       $pdata$_ZN6System8Internal7Strhlpr10WideAssignERNS_10WideStringES3_ 000000014003143c     rtl:System.Internal.StrHlpr.o
 0005:00002448       $pdata$_ZN6System8Internal7Strhlpr8WideFreeERNS_10WideStringE 0000000140031448     rtl:System.Internal.StrHlpr.o
 0005:00002454       $pdata$_ZN6System8Internal7Strhlpr12WideFromAnsiERNS_10WideStringERNS_11AnsiStringTILt65535EEE 0000000140031454     rtl:System.Internal.StrHlpr.o
 0005:00002460       $pdata$_ZN6System8Internal7Strhlpr15WideFromUnicodeERNS_10WideStringERNS_13UnicodeStringE 0000000140031460     rtl:System.Internal.StrHlpr.o
 0005:0000246c       $pdata$_ZN6System8Internal7Strhlpr13WideFromPCharERNS_10WideStringEPcb 000000014003146c     rtl:System.Internal.StrHlpr.o
 0005:00002484       $pdata$_ZN6System8Internal7Strhlpr9WideEqualERNS_10WideStringES3_ 0000000140031484     rtl:System.Internal.StrHlpr.o
 0005:00002490       $pdata$_ZN6System8Internal7Strhlpr8WideLessERNS_10WideStringES3_ 0000000140031490     rtl:System.Internal.StrHlpr.o
 0005:0000249c       $pdata$_ZN6System8Internal7Strhlpr11WideGreaterERNS_10WideStringES3_ 000000014003149c     rtl:System.Internal.StrHlpr.o
 0005:000024a8       $pdata$_ZN6System8Internal7Strhlpr7WideCatERNS_10WideStringES3_ 00000001400314a8     rtl:System.Internal.StrHlpr.o
 0005:000024b4       $pdata$_ZN6System8Internal7Strhlpr10WideLengthERNS_10WideStringE 00000001400314b4     rtl:System.Internal.StrHlpr.o
 0005:000024c0       $pdata$_ZN6System8Internal7Strhlpr7WidePosERNS_10WideStringES3_ 00000001400314c0     rtl:System.Internal.StrHlpr.o
 0005:000024cc       $pdata$_ZN6System8Internal7Strhlpr13WideSetLengthERNS_10WideStringEi 00000001400314cc     rtl:System.Internal.StrHlpr.o
 0005:000024d8       $pdata$_ZN6System8Internal7Strhlpr10WideDeleteERNS_10WideStringEii 00000001400314d8     rtl:System.Internal.StrHlpr.o
 0005:000024e4       $pdata$_ZN6System8Internal7Strhlpr10WideInsertERNS_10WideStringES3_i 00000001400314e4     rtl:System.Internal.StrHlpr.o
 0005:000024f0       $pdata$_ZN6System8Internal7Strhlpr8WideCopyERNS_10WideStringEii 00000001400314f0     rtl:System.Internal.StrHlpr.o
 0005:000024fc       $pdata$_ZN6System8Internal7Strhlpr10WideAppendERNS_10WideStringES3_ 00000001400314fc     rtl:System.Internal.StrHlpr.o
 0005:00002508       $pdata$_ZN6System8Internal7Strhlpr12WideFromUTF8ERNS_10WideStringEPKc 0000000140031508     rtl:System.Internal.StrHlpr.o
 0005:00002520       $pdata$_ZN6System8Internal7Strhlpr15UnicodeFromWideERNS_13UnicodeStringERNS_10WideStringE 0000000140031520     rtl:System.Internal.StrHlpr.o
 0005:0000252c       $pdata$_ZN6System8Internal7Strhlpr12FinalizationEv 000000014003152c     rtl:System.Internal.StrHlpr.o
 0005:00002538       $pdata$_ZN6System8Internal7Strhlpr14initializationEv 0000000140031538     rtl:System.Internal.StrHlpr.o
 0005:00002970       $pdata$_ZN6System8Internal7Initcpp23SelectForInitializationEPNS1_20TUnitDescriptorBlockES3_ 0000000140031970     rtl:System.Internal.InitCPP.o
 0005:0000297c       $pdata$_ZN6System8Internal7Initcpp23SelectForInitializationEPPNS1_20TUnitDescriptorBlockES4_ 000000014003197c     rtl:System.Internal.InitCPP.o
 0005:00002988       $pdata$_ZN6System8Internal7Initcpp15InitializeUnitsEPNS1_20TUnitDescriptorBlockES3_ 0000000140031988     rtl:System.Internal.InitCPP.o
 0005:00002994       $pdata$_ZN6System8Internal7Initcpp13FinalizeUnitsEPNS1_20TUnitDescriptorBlockES3_ 0000000140031994     rtl:System.Internal.InitCPP.o
 0005:000029a0       $pdata$_ZN6System8Internal7Initcpp15InitializeUnitsEPPNS1_20TUnitDescriptorBlockES4_ 00000001400319a0     rtl:System.Internal.InitCPP.o
 0005:000029ac       $pdata$_ZN6System8Internal7Initcpp13FinalizeUnitsEPPNS1_20TUnitDescriptorBlockES4_ 00000001400319ac     rtl:System.Internal.InitCPP.o
 0005:000029b8       $pdata$_ZN6System8Internal7Initcpp15InitializeUnitsEPNS1_15TUnitDescriptorES3_ 00000001400319b8     rtl:System.Internal.InitCPP.o
 0005:000029c4       $pdata$_ZN6System8Internal7Initcpp13FinalizeUnitsEPNS1_15TUnitDescriptorES3_ 00000001400319c4     rtl:System.Internal.InitCPP.o
 0005:000029d0       $pdata$_ZN6System8Internal7Initcpp15CalculateDegreeEPNS1_20TUnitDescriptorBlockES3_ 00000001400319d0     rtl:System.Internal.InitCPP.o
 0005:000029dc       $pdata$_ZN6System8Internal7Initcpp15CalculateDegreeEPPNS1_20TUnitDescriptorBlockES4_ 00000001400319dc     rtl:System.Internal.InitCPP.o
 0005:000029e8       $pdata$_ZN6System8Internal7Initcpp16FinalizeUnitListEPPPNS1_15TUnitDescriptorES5_ 00000001400319e8     rtl:System.Internal.InitCPP.o
 0005:00002a00       $pdata$_ZN6System8Internal7Initcpp18InitializeRootUnitEPNS1_15TUnitDescriptorE 0000000140031a00     rtl:System.Internal.InitCPP.o
 0005:00002a3c       $pdata$_ZN6System8Internal7Initcpp16FinalizeRootUnitEPNS1_15TUnitDescriptorE 0000000140031a3c     rtl:System.Internal.InitCPP.o
 0005:00002a54       $pdata$_ZN6System8Internal7Initcpp12FinalizationEv 0000000140031a54     rtl:System.Internal.InitCPP.o
 0005:00002a60       $pdata$_ZN6System8Internal7Initcpp14initializationEv 0000000140031a60     rtl:System.Internal.InitCPP.o
 000b:00000370       $R000000                   0000000140037370     internal .obj file created from .res files
 000b:0005dce8       $R000001                   0000000140094ce8     internal .obj file created from .res files
 000b:0005dee8       $R000002                   0000000140094ee8     internal .obj file created from .res files
 000b:0005f510       $R000003                   0000000140096510     internal .obj file created from .res files
 000b:000603b8       $R000004                   00000001400973b8     internal .obj file created from .res files
 000b:00060c60       $R000005                   0000000140097c60     internal .obj file created from .res files
 000b:000611c8       $R000006                   00000001400981c8     internal .obj file created from .res files
 000b:00067688       $R000007                   000000014009e688     internal .obj file created from .res files
 000b:00077eb0       $R000008                   00000001400aeeb0     internal .obj file created from .res files
 000b:0007c0d8       $R000009                   00000001400b30d8     internal .obj file created from .res files
 000b:0007ca60       $R00000A                   00000001400b3a60     internal .obj file created from .res files
 000b:0007cec8       $R00000B                   00000001400b3ec8     internal .obj file created from .res files
 000b:0007cf50       $R00000C                   00000001400b3f50     internal .obj file created from .res files
 000b:0007d660       $R00000D                   00000001400b4660     internal .obj file created from .res files
